Component: ARM Compiler 6.16 Tool: armlink [5dfeaa00]

==============================================================================

Section Cross References

    startup_rp2040.o(.ARM.exidx.text.Default_Handler) refers to startup_rp2040.o(.text.Default_Handler) for [Anonymous Symbol]
    startup_rp2040.o(.text.Reset_Handler) refers to entry.o(.ARM.Collect$$$$00000000) for __main
    startup_rp2040.o(.text.Reset_Handler) refers to startup_rp2040.o(RESET) for __Vectors
    startup_rp2040.o(.ARM.exidx.text.Reset_Handler) refers to startup_rp2040.o(.text.Reset_Handler) for [Anonymous Symbol]
    startup_rp2040.o(.ARM.exidx.text.HardFault_Handler) refers to startup_rp2040.o(.text.HardFault_Handler) for [Anonymous Symbol]
    startup_rp2040.o(.text.__pico_entry) refers to runtime.o(.text.runtime_init) for runtime_init
    startup_rp2040.o(.ARM.exidx.text.__pico_entry) refers to startup_rp2040.o(.text.__pico_entry) for [Anonymous Symbol]
    startup_rp2040.o(RESET) refers to startup_rp2040.o(.text.Reset_Handler) for Reset_Handler
    startup_rp2040.o(RESET) refers to startup_rp2040.o(.text.Default_Handler) for NMI_Handler
    startup_rp2040.o(RESET) refers to startup_rp2040.o(.text.HardFault_Handler) for HardFault_Handler
    startup_rp2040.o(RESET) refers to systick_wrapper_ual.o(.text) for SysTick_Handler
    startup_rp2040.o(.init_array.255) refers to startup_rp2040.o(.text.__pico_entry) for __pico_entry
    system_rp2040.o(.text.SystemCoreClockUpdate) refers to clocks.o(.text.clock_get_hz) for clock_get_hz
    system_rp2040.o(.text.SystemCoreClockUpdate) refers to system_rp2040.o(.bss.SystemCoreClock) for SystemCoreClock
    system_rp2040.o(.ARM.exidx.text.SystemCoreClockUpdate) refers to system_rp2040.o(.text.SystemCoreClockUpdate) for [Anonymous Symbol]
    system_rp2040.o(.text.SystemInit) refers to clocks.o(.text.clock_get_hz) for clock_get_hz
    system_rp2040.o(.text.SystemInit) refers to system_rp2040.o(.bss.SystemCoreClock) for SystemCoreClock
    system_rp2040.o(.ARM.exidx.text.SystemInit) refers to system_rp2040.o(.text.SystemInit) for [Anonymous Symbol]
    system_rp2040.o(.init_array) refers to system_rp2040.o(.text.SystemInit) for SystemInit
    clocks.o(.text.clock_stop) refers to clocks.o(.bss.configured_freq) for [Anonymous Symbol]
    clocks.o(.ARM.exidx.text.clock_stop) refers to clocks.o(.text.clock_stop) for [Anonymous Symbol]
    clocks.o(.text.clock_configure) refers to uldiv.o(.text) for __aeabi_uldivmod
    clocks.o(.text.clock_configure) refers to uidiv_div0.o(.text) for __aeabi_uidiv
    clocks.o(.text.clock_configure) refers to retarget_io.o(.text.__aeabi_assert) for __aeabi_assert
    clocks.o(.text.clock_configure) refers to clocks.o(.bss.configured_freq) for [Anonymous Symbol]
    clocks.o(.text.clock_configure) refers to clocks.o(.rodata.str1.1) for [Anonymous Symbol]
    clocks.o(.ARM.exidx.text.clock_configure) refers to clocks.o(.text.clock_configure) for [Anonymous Symbol]
    clocks.o(.text.clocks_init) refers to watchdog.o(.text.watchdog_start_tick) for watchdog_start_tick
    clocks.o(.text.clocks_init) refers to platform.o(.text.running_on_fpga) for running_on_fpga
    clocks.o(.text.clocks_init) refers to xosc.o(.text.xosc_init) for xosc_init
    clocks.o(.text.clocks_init) refers to pll.o(.text.pll_init) for pll_init
    clocks.o(.text.clocks_init) refers to clocks.o(.text.clock_configure) for clock_configure
    clocks.o(.text.clocks_init) refers to clocks.o(.bss.configured_freq) for [Anonymous Symbol]
    clocks.o(.ARM.exidx.text.clocks_init) refers to clocks.o(.text.clocks_init) for [Anonymous Symbol]
    clocks.o(.text.clock_get_hz) refers to clocks.o(.bss.configured_freq) for [Anonymous Symbol]
    clocks.o(.ARM.exidx.text.clock_get_hz) refers to clocks.o(.text.clock_get_hz) for [Anonymous Symbol]
    clocks.o(.text.clock_set_reported_hz) refers to clocks.o(.bss.configured_freq) for [Anonymous Symbol]
    clocks.o(.ARM.exidx.text.clock_set_reported_hz) refers to clocks.o(.text.clock_set_reported_hz) for [Anonymous Symbol]
    clocks.o(.text.frequency_count_khz) refers to uidiv_div0.o(.text) for __aeabi_uidiv
    clocks.o(.text.frequency_count_khz) refers to clocks.o(.bss.configured_freq) for [Anonymous Symbol]
    clocks.o(.ARM.exidx.text.frequency_count_khz) refers to clocks.o(.text.frequency_count_khz) for [Anonymous Symbol]
    clocks.o(.text.clocks_enable_resus) refers to irq.o(.text.irq_set_exclusive_handler) for irq_set_exclusive_handler
    clocks.o(.text.clocks_enable_resus) refers to irq.o(.text.irq_set_enabled) for irq_set_enabled
    clocks.o(.text.clocks_enable_resus) refers to clocks.o(.bss._resus_callback) for [Anonymous Symbol]
    clocks.o(.text.clocks_enable_resus) refers to clocks.o(.text.clocks_irq_handler) for clocks_irq_handler
    clocks.o(.ARM.exidx.text.clocks_enable_resus) refers to clocks.o(.text.clocks_enable_resus) for [Anonymous Symbol]
[...]
    void egl::rasterizer::dispatch_pso<egl::psc_p3g_mesh<rstate_opaque, egl::vertex_pn, vs_ndotl, ps_ndotl>, egl::graphics_device_st7735>(egl::psc_p3g_mesh<rstate_opaque, egl::vertex_pn, vs_ndotl, ps_ndotl> const&, egl::graphics_device_st7735&) 0x10002059   Thumb Code   272  app_3.o(.text._ZN3egl10rasterizer12dispatch_psoINS_12psc_p3g_meshI13rstate_opaqueNS_9vertex_pnE8vs_ndotl8ps_ndotlEENS_22graphics_device_st7735EEEvRKT_RT0_)
    egl::rasterizer::rasterize_tile(egl::render_target_cfg const&, egl::rasterizer_tile&, unsigned short) 0x10002199   Thumb Code  2484  egl_rasterizer.o(.text._ZN3egl10rasterizer14rasterize_tileERKNS_17render_target_cfgERNS_15rasterizer_tileEt)
    egl::rasterizer::init(egl::rasterizer_cfg const&, egl::rasterizer_tiling_cfg const&) 0x10002be5   Thumb Code   148  egl_rasterizer.o(.text._ZN3egl10rasterizer4initERKNS_14rasterizer_cfgERKNS_21rasterizer_tiling_cfgE)
    egl::rasterizer::commit()                0x10002ced   Thumb Code   172  egl_rasterizer.o(.text._ZN3egl10rasterizer6commitEv)
    egl::rasterizer::rasterizer()            0x10002de1   Thumb Code    62  egl_rasterizer.o(.text._ZN3egl10rasterizerC2Ev)
    egl::rasterizer::rasterizer__sub_object() 0x10002de1   Thumb Code    62  egl_rasterizer.o(.text._ZN3egl10rasterizerC2Ev)
    egl::rasterizer_cfg::set_pso_store(void*, unsigned int, unsigned short) 0x10002e1f   Thumb Code     8  egl_rasterizer.o(.text._ZN3egl14rasterizer_cfg13set_pso_storeEPvjt)
    egl::rasterizer_cfg::set_dispatches(egl::rasterizer_dispatch*, unsigned short) 0x10002e27   Thumb Code     6  egl_rasterizer.o(.text._ZN3egl14rasterizer_cfg14set_dispatchesEPNS_19rasterizer_dispatchEt)
    egl::rasterizer_cfg::set_tile_buffers(void* const*, void*, unsigned short*, egl::e_depth_format, unsigned short) 0x10002e2d   Thumb Code    18  egl_rasterizer.o(.text._ZN3egl14rasterizer_cfg16set_tile_buffersEPKPvS1_PtNS_14e_depth_formatEt)
    egl::rasterizer_cfg::rasterizer_cfg()    0x10002e3f   Thumb Code    26  egl_rasterizer.o(.text._ZN3egl14rasterizer_cfgC2Ev)
    egl::rasterizer_cfg::rasterizer_cfg__sub_object() 0x10002e3f   Thumb Code    26  egl_rasterizer.o(.text._ZN3egl14rasterizer_cfgC2Ev)
    void egl::graphics_device<egl::graphics_device_st7735>::init_default_tile_shader<(egl::e_pixel_format)3>() 0x10002e59   Thumb Code    60  app_3.o(.text._ZN3egl15graphics_deviceINS_22graphics_device_st7735EE24init_default_tile_shaderILNS_14e_pixel_formatE3EEEvv)
    egl::bcd16_version_str(unsigned short)   0x10002ea5   Thumb Code    52  egl_core.o(.text._ZN3egl17bcd16_version_strEt)
    egl::rasterizer_memory<egl::graphics_device_st7735, rasterizer_memory_cfg>::init(egl::graphics_device_st7735&) 0x10002ee1   Thumb Code   228  app_3.o(.text._ZN3egl17rasterizer_memoryINS_22graphics_device_st7735E21rasterizer_memory_cfgE4initERS1_)
    egl::rasterizer_tiling::add_cluster(egl::vec3<float> const&, egl::vec3<float> const&, unsigned short, unsigned short) 0x10002ff1   Thumb Code   684  egl_rasterizer_tiling.o(.text._ZN3egl17rasterizer_tiling11add_clusterERKNS_4vec3IfEES4_tt)
    egl::rasterizer_tiling::add_cluster(egl::mat44<float> const&, egl::vec3<float> const&, float, unsigned short, unsigned short) 0x1000333d   Thumb Code   308  egl_rasterizer_tiling.o(.text._ZN3egl17rasterizer_tiling11add_clusterERKNS_5mat44IfEERKNS_4vec3IfEEftt)
    egl::rasterizer_tiling::init(egl::rasterizer_tiling_cfg const&) 0x10003475   Thumb Code   532  egl_rasterizer_tiling.o(.text._ZN3egl17rasterizer_tiling4initERKNS_21rasterizer_tiling_cfgE)
    egl::rasterizer_tiling::clear()          0x10003739   Thumb Code    38  egl_rasterizer_tiling.o(.text._ZN3egl17rasterizer_tiling5clearEv)
    egl::rasterizer_tiling::rasterizer_tiling() 0x1000375f   Thumb Code    14  egl_rasterizer_tiling.o(.text._ZN3egl17rasterizer_tilingC2Ev)
    egl::rasterizer_tiling::rasterizer_tiling__sub_object() 0x1000375f   Thumb Code    14  egl_rasterizer_tiling.o(.text._ZN3egl17rasterizer_tilingC2Ev)
    egl::rasterizer_tiling::~rasterizer_tiling() 0x1000376d   Thumb Code     2  egl_rasterizer_tiling.o(.text._ZN3egl17rasterizer_tilingD2Ev)
    egl::rasterizer_tiling::~rasterizer_tiling__sub_object() 0x1000376d   Thumb Code     2  egl_rasterizer_tiling.o(.text._ZN3egl17rasterizer_tilingD2Ev)
    egl::mat44<float> egl::perspective_matrix<float>(egl::math<float>::scalar_t, egl::math<float>::scalar_t, egl::math<float>::scalar_t, egl::math<float>::scalar_t, bool) 0x10003771   Thumb Code   248  app_3.o(.text._ZN3egl18perspective_matrixIfEENS_5mat44IT_EENS_4mathIS2_E8scalar_tES6_S6_S6_b)
    egl::rasterizer_tiling_cfg::set_clusters(egl::rasterizer_cluster*, unsigned short) 0x10003909   Thumb Code     6  egl_rasterizer_tiling.o(.text._ZN3egl21rasterizer_tiling_cfg12set_clustersEPNS_18rasterizer_clusterEt)
    egl::rasterizer_tiling_cfg::set_tile_order(egl::e_tile_order) 0x1000390f   Thumb Code     4  egl_rasterizer_tiling.o(.text._ZN3egl21rasterizer_tiling_cfg14set_tile_orderENS_12e_tile_orderE)
    egl::rasterizer_tiling_cfg::set_cluster_strips(void*, unsigned short, unsigned short) 0x10003915   Thumb Code    44  egl_rasterizer_tiling.o(.text._ZN3egl21rasterizer_tiling_cfg18set_cluster_stripsEPvtt)
    egl::rasterizer_tiling_cfg::set_render_target_size(unsigned short, unsigned short) 0x100039ad   Thumb Code     6  egl_rasterizer_tiling.o(.text._ZN3egl21rasterizer_tiling_cfg22set_render_target_sizeEtt)
    egl::rasterizer_tiling_cfg::set_tiles(egl::rasterizer_tile*, unsigned short*, unsigned char, unsigned char) 0x100039b3   Thumb Code    18  egl_rasterizer_tiling.o(.text._ZN3egl21rasterizer_tiling_cfg9set_tilesEPNS_15rasterizer_tileEPthh)
    egl::rasterizer_tiling_cfg::rasterizer_tiling_cfg() 0x100039c5   Thumb Code    22  egl_rasterizer_tiling.o(.text._ZN3egl21rasterizer_tiling_cfgC2Ev)
    egl::rasterizer_tiling_cfg::rasterizer_tiling_cfg__sub_object() 0x100039c5   Thumb Code    22  egl_rasterizer_tiling.o(.text._ZN3egl21rasterizer_tiling_cfgC2Ev)
    egl::vec4<float> egl::sphere_screen_extents<float>(egl::vec3<float> const&, egl::math<float>::scalar_t, egl::mat44<float> const&) 0x100039dd   Thumb Code   432  egl_rasterizer_tiling.o(.text._ZN3egl21sphere_screen_extentsIfEENS_4vec4IT_EERKNS_4vec3IS2_EENS_4mathIS2_E8scalar_tERKNS_5mat44IS2_EE)
    egl::graphics_device_st7735::submit_tile(unsigned char, unsigned char, egl::vec2<unsigned short> const&, egl::vec2<unsigned short> const&, unsigned short) 0x10003be5   Thumb Code   256  egl_device_st7735.o(.text._ZN3egl22graphics_device_st773511submit_tileEhhRKNS_4vec2ItEES4_t)
    egl::graphics_device_st7735::init_rasterizer(egl::rasterizer_cfg const&, egl::rasterizer_tiling_cfg const&, egl::rasterizer_vertex_cache_cfg const&) 0x10003ce5   Thumb Code    48  egl_device_st7735.o(.text._ZN3egl22graphics_device_st773515init_rasterizerERKNS_14rasterizer_cfgERKNS_21rasterizer_tiling_cfgERKNS_27rasterizer_vertex_cache_cfgE)
    egl::graphics_device_st7735::graphics_device_st7735() 0x10003d15   Thumb Code    72  egl_device_st7735.o(.text._ZN3egl22graphics_device_st7735C2Ev)
    egl::graphics_device_st7735::graphics_device_st7735__sub_object() 0x10003d15   Thumb Code    72  egl_device_st7735.o(.text._ZN3egl22graphics_device_st7735C2Ev)
    egl::graphics_device_st7735::~graphics_device_st7735() 0x10003dbd   Thumb Code    28  egl_device_st7735.o(.text._ZN3egl22graphics_device_st7735D2Ev)
    egl::graphics_device_st7735::~graphics_device_st7735__sub_object() 0x10003dbd   Thumb Code    28  egl_device_st7735.o(.text._ZN3egl22graphics_device_st7735D2Ev)
    egl::rasterizer_vertex_cache::alloc_cluster_cache(unsigned short, unsigned int) 0x10003de1   Thumb Code   188  egl_rasterizer_cache.o(.text._ZN3egl23rasterizer_vertex_cache19alloc_cluster_cacheEtj)
    egl::psc_p3g_mesh<rstate_opaque, egl::vertex_p48n32, vs_ndotl, ps_color>::ptv_fmt const* egl::rasterizer_vertex_cache::get_cluster_ptv_buffer<egl::psc_p3g_mesh<rstate_opaque, egl::vertex_p48n32, vs_ndotl, ps_color> >(egl::psc_p3g_mesh<rstate_opaque, egl::vertex_p48n32, vs_ndotl, ps_color> const&, egl::psc_p3g_mesh<rstate_opaque, egl::vertex_p48n32, vs_ndotl, ps_color>::pso_state const&, void const*, unsigned short, unsigned short, unsigned short) 0x10003ef5   Thumb Code   208  app_3.o(.text._ZN3egl23rasterizer_vertex_cache22get_cluster_ptv_bufferINS_12psc_p3g_meshI13rstate_opaqueNS_13vertex_p48n32E8vs_ndotl8ps_colorEEEEPKNT_7ptv_fmtERKS8_RKNS8_9pso_stateEPKvttt)
    egl::psc_p3g_mesh<rstate_opaque, egl::vertex_p48n32, vs_ndotl, ps_ndotl>::ptv_fmt const* egl::rasterizer_vertex_cache::get_cluster_ptv_buffer<egl::psc_p3g_mesh<rstate_opaque, egl::vertex_p48n32, vs_ndotl, ps_ndotl> >(egl::psc_p3g_mesh<rstate_opaque, egl::vertex_p48n32, vs_ndotl, ps_ndotl> const&, egl::psc_p3g_mesh<rstate_opaque, egl::vertex_p48n32, vs_ndotl, ps_ndotl>::pso_state const&, void const*, unsigned short, unsigned short, unsigned short) 0x10003fc5   Thumb Code   208  app_3.o(.text._ZN3egl23rasterizer_vertex_cache22get_cluster_ptv_bufferINS_12psc_p3g_meshI13rstate_opaqueNS_13vertex_p48n32E8vs_ndotl8ps_ndotlEEEEPKNT_7ptv_fmtERKS8_RKNS8_9pso_stateEPKvttt)
    egl::psc_p3g_mesh<rstate_opaque, egl::vertex_pn, vs_ndotl, ps_ndotl>::ptv_fmt const* egl::rasterizer_vertex_cache::get_cluster_ptv_buffer<egl::psc_p3g_mesh<rstate_opaque, egl::vertex_pn, vs_ndotl, ps_ndotl> >(egl::psc_p3g_mesh<rstate_opaque, egl::vertex_pn, vs_ndotl, ps_ndotl> const&, egl::psc_p3g_mesh<rstate_opaque, egl::vertex_pn, vs_ndotl, ps_ndotl>::pso_state const&, void const*, unsigned short, unsigned short, unsigned short) 0x10004095   Thumb Code   208  app_3.o(.text._ZN3egl23rasterizer_vertex_cache22get_cluster_ptv_bufferINS_12psc_p3g_meshI13rstate_opaqueNS_9vertex_pnE8vs_ndotl8ps_ndotlEEEEPKNT_7ptv_fmtERKS8_RKNS8_9pso_stateEPKvttt)
    egl::rasterizer_vertex_cache::init(egl::rasterizer_vertex_cache_cfg const&) 0x10004175   Thumb Code   100  egl_rasterizer_cache.o(.text._ZN3egl23rasterizer_vertex_cache4initERKNS_27rasterizer_vertex_cache_cfgE)
    egl::rasterizer_vertex_cache::clear()    0x10004261   Thumb Code    60  egl_rasterizer_cache.o(.text._ZN3egl23rasterizer_vertex_cache5clearEv)
    egl::rasterizer_vertex_cache::rasterizer_vertex_cache() 0x100042e9   Thumb Code    14  egl_rasterizer_cache.o(.text._ZN3egl23rasterizer_vertex_cacheC2Ev)
    egl::rasterizer_vertex_cache::rasterizer_vertex_cache__sub_object() 0x100042e9   Thumb Code    14  egl_rasterizer_cache.o(.text._ZN3egl23rasterizer_vertex_cacheC2Ev)
    egl::rasterizer_callback_base::rasterize_tiles(egl::rasterizer&, egl::render_target_cfg const&, egl::rasterizer_tile*, unsigned int) 0x100042f7   Thumb Code    56  egl_rasterizer.o(.text._ZN3egl24rasterizer_callback_base15rasterize_tilesERNS_10rasterizerERKNS_17render_target_cfgEPNS_15rasterizer_tileEj)
    egl::rasterizer_callback_base::tile_shader_wrapper<egl::graphics_device_st7735, egl::rasterizer_callback_base::tshader_rt0_pixel_convert<(egl::e_pixel_format)3, (egl::e_pixel_format)3> >::copy_region(void*, void const* const*, egl::rasterizer_depth_target const&, unsigned int, unsigned short, unsigned short, unsigned short, unsigned short, unsigned short) 0x1000432f   Thumb Code    62  app_3.o(.text._ZN3egl24rasterizer_callback_base19tile_shader_wrapperINS_22graphics_device_st7735ENS0_25tshader_rt0_pixel_convertILNS_14e_pixel_formatE3ELS4_3EEEE11copy_regionEPvPKPKvRKNS_23rasterizer_depth_targetEjttttt)
    egl::rasterizer_callback_base::tile_shader_wrapper<egl::graphics_device_st7735, egl::rasterizer_callback_base::tshader_rt0_pixel_convert<(egl::e_pixel_format)3, (egl::e_pixel_format)3> >::transfer_region(void const* const*, egl::rasterizer_depth_target const&, unsigned int, unsigned short, unsigned short, unsigned short, unsigned short, unsigned short) 0x1000436d   Thumb Code   112  app_3.o(.text._ZN3egl24rasterizer_callback_base19tile_shader_wrapperINS_22graphics_device_st7735ENS0_25tshader_rt0_pixel_convertILNS_14e_pixel_formatE3ELS4_3EEEE15transfer_regionEPKPKvRKNS_23rasterizer_depth_targetEjttttt)
    egl::rasterizer_vertex_cache_cfg::set_cache_clusters(unsigned short*, unsigned int) 0x100043dd   Thumb Code     6  egl_rasterizer_cache.o(.text._ZN3egl27rasterizer_vertex_cache_cfg18set_cache_clustersEPtj)
    egl::rasterizer_vertex_cache_cfg::set_cluster_ptv_buffer(void*, unsigned int) 0x100043e3   Thumb Code     6  egl_rasterizer_cache.o(.text._ZN3egl27rasterizer_vertex_cache_cfg22set_cluster_ptv_bufferEPvj)
    egl::rasterizer_vertex_cache_cfg::set_cache(void*, unsigned int) 0x100043e9   Thumb Code     6  egl_rasterizer_cache.o(.text._ZN3egl27rasterizer_vertex_cache_cfg9set_cacheEPvj)
    egl::rasterizer_vertex_cache_cfg::rasterizer_vertex_cache_cfg() 0x100043ef   Thumb Code    14  egl_rasterizer_cache.o(.text._ZN3egl27rasterizer_vertex_cache_cfgC2Ev)
    egl::rasterizer_vertex_cache_cfg::rasterizer_vertex_cache_cfg__sub_object() 0x100043ef   Thumb Code    14  egl_rasterizer_cache.o(.text._ZN3egl27rasterizer_vertex_cache_cfgC2Ev)
    egl::camera<float>::update_transforms()  0x100043fd   Thumb Code  4286  app_3.o(.text._ZN3egl6cameraIfE17update_transformsEv)
    egl::camera<float>::camera__sub_object() 0x100054bb   Thumb Code   132  app_3.o(.text._ZN3egl6cameraIfEC2Ev)
    egl::p3g_mesh::init(void const*)         0x10005541   Thumb Code   184  egl_mesh.o(.text._ZN3egl8p3g_mesh4initEPKv)
    egl::p3g_mesh::p3g_mesh()                0x10005699   Thumb Code    10  egl_mesh.o(.text._ZN3egl8p3g_meshC2Ev)
    egl::p3g_mesh::p3g_mesh__sub_object()    0x10005699   Thumb Code    10  egl_mesh.o(.text._ZN3egl8p3g_meshC2Ev)
    egl::rasterizer::psc_wrapper<egl::psc_p3g_mesh<rstate_opaque, egl::vertex_p48n32, vs_ndotl, ps_color>, egl::graphics_device_st7735>::get_pso_state(void*, unsigned short) const 0x100056a5   Thumb Code    40  app_3.o(.text._ZNK3egl10rasterizer11psc_wrapperINS_12psc_p3g_meshI13rstate_opaqueNS_13vertex_p48n32E8vs_ndotl8ps_colorEENS_22graphics_device_st7735EE13get_pso_stateEPvt)
    egl::rasterizer::psc_wrapper<egl::psc_p3g_mesh<rstate_opaque, egl::vertex_p48n32, vs_ndotl, ps_color>, egl::graphics_device_st7735>::rasterize_cluster(egl::rasterizer_callback_base&, egl::rasterizer::result&, egl::render_target_cfg const&, unsigned short, unsigned short, unsigned short, unsigned short, unsigned int, void const*, unsigned short, unsigned short, unsigned short) const 0x100056d9   Thumb Code  1460  app_3.o(.text._ZNK3egl10rasterizer11psc_wrapperINS_12psc_p3g_meshI13rstate_opaqueNS_13vertex_p48n32E8vs_ndotl8ps_colorEENS_22graphics_device_st7735EE17rasterize_clusterERNS_24rasterizer_callback_baseERNS0_6resultERKNS_17render_target_cfgEttttjPKvttt)
    egl::rasterizer::psc_wrapper<egl::psc_p3g_mesh<rstate_opaque, egl::vertex_p48n32, vs_ndotl, ps_color>, egl::graphics_device_st7735>::hiz_mode() const 0x10005cb1   Thumb Code     4  app_3.o(.text._ZNK3egl10rasterizer11psc_wrapperINS_12psc_p3g_meshI13rstate_opaqueNS_13vertex_p48n32E8vs_ndotl8ps_colorEENS_22graphics_device_st7735EE8hiz_modeEv)
    egl::rasterizer::psc_wrapper<egl::psc_p3g_mesh<rstate_opaque, egl::vertex_p48n32, vs_ndotl, ps_ndotl>, egl::graphics_device_st7735>::get_pso_state(void*, unsigned short) const 0x10005cb5   Thumb Code    40  app_3.o(.text._ZNK3egl10rasterizer11psc_wrapperINS_12psc_p3g_meshI13rstate_opaqueNS_13vertex_p48n32E8vs_ndotl8ps_ndotlEENS_22graphics_device_st7735EE13get_pso_stateEPvt)
    egl::rasterizer::psc_wrapper<egl::psc_p3g_mesh<rstate_opaque, egl::vertex_p48n32, vs_ndotl, ps_ndotl>, egl::graphics_device_st7735>::rasterize_cluster(egl::rasterizer_callback_base&, egl::rasterizer::result&, egl::render_target_cfg const&, unsigned short, unsigned short, unsigned short, unsigned short, unsigned int, void const*, unsigned short, unsigned short, unsigned short) const 0x10005ce9   Thumb Code  1660  app_3.o(.text._ZNK3egl10rasterizer11psc_wrapperINS_12psc_p3g_meshI13rstate_opaqueNS_13vertex_p48n32E8vs_ndotl8ps_ndotlEENS_22graphics_device_st7735EE17rasterize_clusterERNS_24rasterizer_callback_baseERNS0_6resultERKNS_17render_target_cfgEttttjPKvttt)
    egl::rasterizer::psc_wrapper<egl::psc_p3g_mesh<rstate_opaque, egl::vertex_p48n32, vs_ndotl, ps_ndotl>, egl::graphics_device_st7735>::hiz_mode() const 0x10006389   Thumb Code     4  app_3.o(.text._ZNK3egl10rasterizer11psc_wrapperINS_12psc_p3g_meshI13rstate_opaqueNS_13vertex_p48n32E8vs_ndotl8ps_ndotlEENS_22graphics_device_st7735EE8hiz_modeEv)
    egl::rasterizer::psc_wrapper<egl::psc_p3g_mesh<rstate_opaque, egl::vertex_pn, vs_ndotl, ps_ndotl>, egl::graphics_device_st7735>::get_pso_state(void*, unsigned short) const 0x1000638d   Thumb Code    40  app_3.o(.text._ZNK3egl10rasterizer11psc_wrapperINS_12psc_p3g_meshI13rstate_opaqueNS_9vertex_pnE8vs_ndotl8ps_ndotlEENS_22graphics_device_st7735EE13get_pso_stateEPvt)
    egl::rasterizer::psc_wrapper<egl::psc_p3g_mesh<rstate_opaque, egl::vertex_pn, vs_ndotl, ps_ndotl>, egl::graphics_device_st7735>::rasterize_cluster(egl::rasterizer_callback_base&, egl::rasterizer::result&, egl::render_target_cfg const&, unsigned short, unsigned short, unsigned short, unsigned short, unsigned int, void const*, unsigned short, unsigned short, unsigned short) const 0x100063c1   Thumb Code  1660  app_3.o(.text._ZNK3egl10rasterizer11psc_wrapperINS_12psc_p3g_meshI13rstate_opaqueNS_9vertex_pnE8vs_ndotl8ps_ndotlEENS_22graphics_device_st7735EE17rasterize_clusterERNS_24rasterizer_callback_baseERNS0_6resultERKNS_17render_target_cfgEttttjPKvttt)
    egl::rasterizer::psc_wrapper<egl::psc_p3g_mesh<rstate_opaque, egl::vertex_pn, vs_ndotl, ps_ndotl>, egl::graphics_device_st7735>::hiz_mode() const 0x10006a59   Thumb Code     4  app_3.o(.text._ZNK3egl10rasterizer11psc_wrapperINS_12psc_p3g_meshI13rstate_opaqueNS_9vertex_pnE8vs_ndotl8ps_ndotlEENS_22graphics_device_st7735EE8hiz_modeEv)
    egl::psc_p3g_mesh<rstate_opaque, egl::vertex_p48n32, vs_ndotl, ps_color>::bin_cluster(egl::rasterizer_tiling&, egl::psc_p3g_mesh<rstate_opaque, egl::vertex_p48n32, vs_ndotl, ps_color>::pso_state const&, unsigned short, unsigned short) const 0x10006a5d   Thumb Code   824  app_3.o(.text._ZNK3egl12psc_p3g_meshI13rstate_opaqueNS_13vertex_p48n32E8vs_ndotl8ps_colorE11bin_clusterERNS_17rasterizer_tilingERKNS5_9pso_stateEtt)
    egl::psc_p3g_mesh<rstate_opaque, egl::vertex_p48n32, vs_ndotl, ps_color>::get_pso_state(egl::psc_p3g_mesh<rstate_opaque, egl::vertex_p48n32, vs_ndotl, ps_color>::pso_state&) const 0x10006db9   Thumb Code  2640  app_3.o(.text._ZNK3egl12psc_p3g_meshI13rstate_opaqueNS_13vertex_p48n32E8vs_ndotl8ps_colorE13get_pso_stateERNS5_9pso_stateE)
    egl::psc_p3g_mesh<rstate_opaque, egl::vertex_p48n32, vs_ndotl, ps_color>::tform_cluster(ps_color::psin*, egl::psc_p3g_mesh<rstate_opaque, egl::vertex_p48n32, vs_ndotl, ps_color>::pso_state const&, void const*) const 0x10007809   Thumb Code   460  app_3.o(.text._ZNK3egl12psc_p3g_meshI13rstate_opaqueNS_13vertex_p48n32E8vs_ndotl8ps_colorE13tform_clusterEPNS4_4psinERKNS5_9pso_stateEPKv)
    egl::psc_p3g_mesh<rstate_opaque, egl::vertex_p48n32, vs_ndotl, ps_ndotl>::bin_cluster(egl::rasterizer_tiling&, egl::psc_p3g_mesh<rstate_opaque, egl::vertex_p48n32, vs_ndotl, ps_ndotl>::pso_state const&, unsigned short, unsigned short) const 0x100079d9   Thumb Code   824  app_3.o(.text._ZNK3egl12psc_p3g_meshI13rstate_opaqueNS_13vertex_p48n32E8vs_ndotl8ps_ndotlE11bin_clusterERNS_17rasterizer_tilingERKNS5_9pso_stateEtt)
    egl::psc_p3g_mesh<rstate_opaque, egl::vertex_p48n32, vs_ndotl, ps_ndotl>::get_pso_state(egl::psc_p3g_mesh<rstate_opaque, egl::vertex_p48n32, vs_ndotl, ps_ndotl>::pso_state&) const 0x10007d35   Thumb Code  2640  app_3.o(.text._ZNK3egl12psc_p3g_meshI13rstate_opaqueNS_13vertex_p48n32E8vs_ndotl8ps_ndotlE13get_pso_stateERNS5_9pso_stateE)
    egl::psc_p3g_mesh<rstate_opaque, egl::vertex_p48n32, vs_ndotl, ps_ndotl>::tform_cluster(ps_ndotl::psin*, egl::psc_p3g_mesh<rstate_opaque, egl::vertex_p48n32, vs_ndotl, ps_ndotl>::pso_state const&, void const*) const 0x10008785   Thumb Code   560  app_3.o(.text._ZNK3egl12psc_p3g_meshI13rstate_opaqueNS_13vertex_p48n32E8vs_ndotl8ps_ndotlE13tform_clusterEPNS4_4psinERKNS5_9pso_stateEPKv)
    egl::psc_p3g_mesh<rstate_opaque, egl::vertex_pn, vs_ndotl, ps_ndotl>::bin_cluster(egl::rasterizer_tiling&, egl::psc_p3g_mesh<rstate_opaque, egl::vertex_pn, vs_ndotl, ps_ndotl>::pso_state const&, unsigned short, unsigned short) const 0x100089b9   Thumb Code   824  app_3.o(.text._ZNK3egl12psc_p3g_meshI13rstate_opaqueNS_9vertex_pnE8vs_ndotl8ps_ndotlE11bin_clusterERNS_17rasterizer_tilingERKNS5_9pso_stateEtt)
    egl::psc_p3g_mesh<rstate_opaque, egl::vertex_pn, vs_ndotl, ps_ndotl>::get_pso_state(egl::psc_p3g_mesh<rstate_opaque, egl::vertex_pn, vs_ndotl, ps_ndotl>::pso_state&) const 0x10008d15   Thumb Code  2640  app_3.o(.text._ZNK3egl12psc_p3g_meshI13rstate_opaqueNS_9vertex_pnE8vs_ndotl8ps_ndotlE13get_pso_stateERNS5_9pso_stateE)
    egl::psc_p3g_mesh<rstate_opaque, egl::vertex_pn, vs_ndotl, ps_ndotl>::tform_cluster(ps_ndotl::psin*, egl::psc_p3g_mesh<rstate_opaque, egl::vertex_pn, vs_ndotl, ps_ndotl>::pso_state const&, void const*) const 0x10009765   Thumb Code   398  app_3.o(.text._ZNK3egl12psc_p3g_meshI13rstate_opaqueNS_9vertex_pnE8vs_ndotl8ps_ndotlE13tform_clusterEPNS4_4psinERKNS5_9pso_stateEPKv)
    __aeabi_assert                           0x100098f5   Thumb Code   108  retarget_io.o(.text.__aeabi_assert)
    __cxa_pure_virtual                       0x1000998d   Thumb Code     8  cxa_virtual.cpp.o(.text.__cxa_pure_virtual)
    __perf_counter_init                      0x100099b5   Thumb Code    48  perf_counter_1.o(.text.__perf_counter_init)
    __perf_os_patch_init                     0x100099f5   Thumb Code     2  perf_counter_1.o(.text.__perf_os_patch_init)
    __pico_entry                             0x100099f7   Thumb Code     8  startup_rp2040.o(.text.__pico_entry)
    _write                                   0x100099ff   Thumb Code    30  stdio.o(.text._write)
    abort                                    0x10009a1d   Thumb Code     2  retarget_io.o(.text.abort)
    abort_message                            0x10009a1f   Thumb Code     4  abort_message.cpp.o(.text.abort_message)
    alarm_pool_add_alarm_at                  0x10009b81   Thumb Code   272  time.o(.text.alarm_pool_add_alarm_at)
    alarm_pool_init_default                  0x10009f81   Thumb Code    40  time.o(.text.alarm_pool_init_default)
    app_entry                                0x10009ff1   Thumb Code  1260  app_3.o(.text.app_entry)
    busy_wait_until                          0x1000a519   Thumb Code    24  timer.o(.text.busy_wait_until)
    clock_configure                          0x1000a535   Thumb Code   240  clocks.o(.text.clock_configure)
    clock_get_hz                             0x1000a645   Thumb Code     8  clocks.o(.text.clock_get_hz)
    clocks_init                              0x1000a64d   Thumb Code   200  clocks.o(.text.clocks_init)
    fputc                                    0x1000a741   Thumb Code     8  env_wrapper.o(.text.fputc)
    get_system_ticks                         0x1000a749   Thumb Code    56  perf_counter_1.o(.text.get_system_ticks)
    gpio_init                                0x1000a785   Thumb Code    44  gpio.o(.text.gpio_init)
    gpio_set_function                        0x1000a7b5   Thumb Code    36  gpio.o(.text.gpio_set_function)
    hardware_alarm_cancel                    0x1000a7e1   Thumb Code    52  timer.o(.text.hardware_alarm_cancel)
    hardware_alarm_claim                     0x1000a819   Thumb Code    16  timer.o(.text.hardware_alarm_claim)
    hardware_alarm_set_callback              0x1000a8bd   Thumb Code   128  timer.o(.text.hardware_alarm_set_callback)
    hardware_alarm_set_target                0x1000a949   Thumb Code   184  timer.o(.text.hardware_alarm_set_target)
    hw_claim_or_assert                       0x1000aa71   Thumb Code    64  claim.o(.text.hw_claim_or_assert)
    init_cycle_counter                       0x1000aab5   Thumb Code    68  perf_counter_1.o(.text.init_cycle_counter)
    irq_add_tail_to_free_list                0x1000ab11   Thumb Code   160  irq.o(.text.irq_add_tail_to_free_list)
    irq_get_vtable_handler                   0x1000ac09   Thumb Code    12  irq.o(.text.irq_get_vtable_handler)
    irq_init_priorities                      0x1000ac15   Thumb Code    16  irq.o(.text.irq_init_priorities)
    irq_remove_handler                       0x1000ac2d   Thumb Code   444  irq.o(.text.irq_remove_handler)
    irq_set_enabled                          0x1000ae4d   Thumb Code    24  irq.o(.text.irq_set_enabled)
    irq_set_exclusive_handler                0x1000ae71   Thumb Code    72  irq.o(.text.irq_set_exclusive_handler)
    lcd_gpio_init                            0x1000af01   Thumb Code   192  lcd.o(.text.lcd_gpio_init)
    lcd_init                                 0x1000afd1   Thumb Code    64  lcd.o(.text.lcd_init)
    lock_init                                0x1000b021   Thumb Code    12  lock_core.o(.text.lock_init)
    main                                     0x1000b031   Thumb Code    52  main.o(.text.main)
    mutex_init                               0x1000b081   Thumb Code    26  mutex.o(.text.mutex_init)
    next_striped_spin_lock_num               0x1000b09d   Thumb Code    20  sync.o(.text.next_striped_spin_lock_num)
    panic                                    0x1000b0b5   Thumb Code    44  runtime.o(.text.panic)
    ph_clear                                 0x1000b1dd   Thumb Code    60  pheap.o(.text.ph_clear)
    ph_merge_two_pass                        0x1000b255   Thumb Code   104  pheap.o(.text.ph_merge_two_pass)
    ph_post_alloc_init                       0x1000b2bd   Thumb Code    14  pheap.o(.text.ph_post_alloc_init)
    ph_remove_and_free_node                  0x1000b2cd   Thumb Code   196  pheap.o(.text.ph_remove_and_free_node)
    ph_remove_head                           0x1000b4d5   Thumb Code    20  pheap.o(.text.ph_remove_head)
    pll_init                                 0x1000b4e9   Thumb Code   204  pll.o(.text.pll_init)
    recursive_mutex_init                     0x1000b625   Thumb Code    26  mutex.o(.text.recursive_mutex_init)
    running_on_fpga                          0x1000b641   Thumb Code    12  platform.o(.text.running_on_fpga)
    runtime_init                             0x1000b651   Thumb Code   140  runtime.o(.text.runtime_init)
    sleep_ms                                 0x1000b73d   Thumb Code    20  time.o(.text.sleep_ms)
    sleep_until                              0x1000b751   Thumb Code   192  time.o(.text.sleep_until)
    sleep_us                                 0x1000b84d   Thumb Code    64  time.o(.text.sleep_us)
    spi_init                                 0x1000b895   Thumb Code    76  spi.o(.text.spi_init)
    spi_set_baudrate                         0x1000b8f1   Thumb Code   140  spi.o(.text.spi_set_baudrate)
    spin_locks_reset                         0x1000b97d   Thumb Code    20  sync.o(.text.spin_locks_reset)
    stdout_putchar                           0x1000bab1   Thumb Code    20  env_wrapper.o(.text.stdout_putchar)
    stdout_serialize_begin                   0x1000bac5   Thumb Code    48  stdio.o(.text.stdout_serialize_begin)
    time_us_64                               0x1000baf9   Thumb Code    16  timer.o(.text.time_us_64)
    timer_pool_entry_comparator              0x1000bb0d   Thumb Code    72  time.o(.text.timer_pool_entry_comparator)
    __cxa_guard_acquire                      0x1000bb5d   Thumb Code    36  cxa_guard.cpp.o(.text.unlikely.__cxa_guard_acquire)
    __cxa_guard_release                      0x1000bbb9   Thumb Code     8  cxa_guard.cpp.o(.text.unlikely.__cxa_guard_release)
    update_perf_counter                      0x1000bbc1   Thumb Code    68  perf_counter_1.o(.text.update_perf_counter)
    user_code_insert_to_systick_handler      0x1000bc15   Thumb Code   100  perf_counter_1.o(.text.user_code_insert_to_systick_handler)
    watchdog_start_tick                      0x1000bc99   Thumb Code    12  watchdog.o(.text.watchdog_start_tick)
    xosc_init                                0x1000bca9   Thumb Code    28  xosc.o(.text.xosc_init)
    mutex_enter_blocking                     0x1000bcd1   Thumb Code    70  mutex.o(.time_critical.mutex_enter_blocking)
    mutex_exit                               0x1000bd19   Thumb Code    60  mutex.o(.time_critical.mutex_exit)
    mutex_try_enter                          0x1000bd5d   Thumb Code    64  mutex.o(.time_critical.mutex_try_enter)
    spi_write_blocking                       0x1000bd9d   Thumb Code    58  spi.o(.time_critical.spi_write_blocking)
    __0printf$8                              0x1000bdd9   Thumb Code    24  printf8.o(i.__0printf$8)
    __1printf$8                              0x1000bdd9   Thumb Code     0  printf8.o(i.__0printf$8)
    __2printf                                0x1000bdd9   Thumb Code     0  printf8.o(i.__0printf$8)
    __0sprintf$8                             0x1000bdf9   Thumb Code    36  printf8.o(i.__0sprintf$8)
    __1sprintf$8                             0x1000bdf9   Thumb Code     0  printf8.o(i.__0sprintf$8)
    __2sprintf                               0x1000bdf9   Thumb Code     0  printf8.o(i.__0sprintf$8)
    $Super$$vprintf                          0x1000be21   Thumb Code     0  printfa.o(i.__0vprintf)
    __0vprintf                               0x1000be21   Thumb Code    12  printfa.o(i.__0vprintf)
    __1vprintf                               0x1000be21   Thumb Code     0  printfa.o(i.__0vprintf)
    __2vprintf                               0x1000be21   Thumb Code     0  printfa.o(i.__0vprintf)
    __c89vprintf                             0x1000be21   Thumb Code     0  printfa.o(i.__0vprintf)
    __ARM_clz                                0x1000be35   Thumb Code    46  depilogue.o(i.__ARM_clz)
    __ARM_common_ll_muluu                    0x1000be63   Thumb Code    50  rredf.o(i.__ARM_common_ll_muluu)
    __ARM_fpclassifyf                        0x1000be95   Thumb Code    34  fpclassifyf.o(i.__ARM_fpclassifyf)
    free                                     0x1000beb9   Thumb Code    80  malloc2.o(i.__free$2region)
    malloc                                   0x1000bf0d   Thumb Code    92  malloc2.o(i.__malloc$2region)
    __mathlib_flt_infnan                     0x1000bf79   Thumb Code    10  funder.o(i.__mathlib_flt_infnan)
    __mathlib_flt_invalid                    0x1000bf83   Thumb Code    12  funder.o(i.__mathlib_flt_invalid)
    __mathlib_flt_underflow                  0x1000bf8f   Thumb Code    14  funder.o(i.__mathlib_flt_underflow)
    __mathlib_rredf2                         0x1000bf9d   Thumb Code   366  rredf.o(i.__mathlib_rredf2)
    __scatterload_copy                       0x1000c11d   Thumb Code    14  handlers.o(i.__scatterload_copy)
    __scatterload_null                       0x1000c12b   Thumb Code     2  handlers.o(i.__scatterload_null)
    __scatterload_zeroinit                   0x1000c12d   Thumb Code    14  handlers.o(i.__scatterload_zeroinit)
    __set_errno                              0x1000c13d   Thumb Code     6  errno.o(i.__set_errno)
    cosf                                     0x1000ce75   Thumb Code   318  cosf.o(i.cosf)
    fmaxf                                    0x1000cfed   Thumb Code    38  fmaxf.o(i.fmaxf)
    fminf                                    0x1000d013   Thumb Code    38  fminf.o(i.fminf)
    fputs                                    0x1000d039   Thumb Code    24  fputs.o(i.fputs)
    puts                                     0x1000d051   Thumb Code    28  puts.o(i.puts)
    sinf                                     0x1000d071   Thumb Code   330  sinf.o(i.sinf)
    sqrtf                                    0x1000d1f5   Thumb Code    44  sqrtf.o(i.sqrtf)
    tanf                                     0x1000d221   Thumb Code   312  tanf.o(i.tanf)
    EventRecorderInfo                        0x1000d3b0   Data          24  eventrecorder.o(.rodata.EventRecorderInfo)
    vtable for egl::rasterizer::psc_wrapper<egl::psc_p3g_mesh<rstate_opaque, egl::vertex_p48n32, vs_ndotl, ps_color>, egl::graphics_device_st7735> 0x1001a6c4   Data          20  app_3.o(.rodata._ZTVN3egl10rasterizer11psc_wrapperINS_12psc_p3g_meshI13rstate_opaqueNS_13vertex_p48n32E8vs_ndotl8ps_colorEENS_22graphics_device_st7735EEE)
    vtable for egl::rasterizer::psc_wrapper<egl::psc_p3g_mesh<rstate_opaque, egl::vertex_p48n32, vs_ndotl, ps_ndotl>, egl::graphics_device_st7735> 0x1001a6d8   Data          20  app_3.o(.rodata._ZTVN3egl10rasterizer11psc_wrapperINS_12psc_p3g_meshI13rstate_opaqueNS_13vertex_p48n32E8vs_ndotl8ps_ndotlEENS_22graphics_device_st7735EEE)
    vtable for egl::rasterizer::psc_wrapper<egl::psc_p3g_mesh<rstate_opaque, egl::vertex_pn, vs_ndotl, ps_ndotl>, egl::graphics_device_st7735> 0x1001a6ec   Data          20  app_3.o(.rodata._ZTVN3egl10rasterizer11psc_wrapperINS_12psc_p3g_meshI13rstate_opaqueNS_9vertex_pnE8vs_ndotl8ps_ndotlEENS_22graphics_device_st7735EEE)
    vtable for egl::graphics_device<egl::graphics_device_st7735> 0x1001a700   Data          16  egl_device_st7735.o(.rodata._ZTVN3egl15graphics_deviceINS_22graphics_device_st7735EEE)
    vtable for egl::graphics_device_st7735   0x1001a710   Data          16  egl_device_st7735.o(.rodata._ZTVN3egl22graphics_device_st7735E)
    vtable for egl::rasterizer_callback_base::tile_shader_wrapper<egl::graphics_device_st7735, egl::rasterizer_callback_base::tshader_rt0_pixel_convert<(egl::e_pixel_format)3, (egl::e_pixel_format)3> > 0x1001a720   Data          16  app_3.o(.rodata._ZTVN3egl24rasterizer_callback_base19tile_shader_wrapperINS_22graphics_device_st7735ENS0_25tshader_rt0_pixel_convertILNS_14e_pixel_formatE3ELS4_3EEEEE)
    Region$$Table$$Base                      0x1001b530   Number         0  anon$$obj.o(Region$$Table)
    Region$$Table$$Limit                     0x1001b570   Number         0  anon$$obj.o(Region$$Table)
    SHT$$INIT_ARRAY$$Base                    0x1001b570   Number         0  startup_rp2040.o(.init_array.255)
    SHT$$INIT_ARRAY$$Limit                   0x1001b580   Number         0  cpp_init.o(.init_array)
    ram_vector_table                         0x20000000   Data         192  runtime.o(.ram_vector_table)
    Image$$ARM_LIB_STACK$$ZI$$Limit          0x200010c0   Number         0  anon$$obj.o ABSOLUTE
    Image$$ARM_LIB_STACK_ONE$$ZI$$Base       0x200010c0   Number         0  anon$$obj.o ABSOLUTE
    Image$$ARM_LIB_HEAP$$ZI$$Base            0x200014c0   Number         0  anon$$obj.o ABSOLUTE
    Image$$ARM_LIB_HEAP$$ZI$$Limit           0x200094c0   Number         0  anon$$obj.o ABSOLUTE
    Image$$ER_MUTEX_ARRAY$$ZI$$Base          0x200098c8   Number         0  anon$$obj.o ABSOLUTE
    Image$$ER_MUTEX_ARRAY$$ZI$$Limit         0x200098c8   Number         0  anon$$obj.o ABSOLUTE
    irq_handler_chain_slots                  0x20009900   Number         0  irq_handler_chain.o(.data)
    irq_handler_chain_first_slot             0x20009930   Number         0  irq_handler_chain.o(.data)
    irq_handler_chain_remove_tail            0x2000993a   Number         0  irq_handler_chain.o(.data)
    __stdout                                 0x20009948   Data           4  stdout.o(.data)
    __stderr                                 0x2000994c   Data           4  stderr.o(.data)
    __microlib_freelist                      0x20009950   Data           4  mvars.o(.data)
    __microlib_freelist_initialised          0x20009954   Data           4  mvars.o(.data)
    LCD_0IN96                                0x200099c0   Data           6  lcd.o(.bss.LCD_0IN96)
    SystemCoreClock                          0x200099c8   Data           4  system_rp2040.o(.bss.SystemCoreClock)
    guard variable for void egl::graphics_device<egl::graphics_device_st7735>::init_default_tile_shader<(egl::e_pixel_format)3>()::wrapper 0x200099cc   Data           4  app_3.o(.bss._ZGVZN3egl15graphics_deviceINS_22graphics_device_st7735EE24init_default_tile_shaderILNS_14e_pixel_formatE3EEEvvE7wrapper)
    egl::graphics_device_st7735::s_active_dev 0x200146c8   Data           4  egl_device_st7735.o(.bss._ZN3egl22graphics_device_st773512s_active_devE)
    void egl::graphics_device<egl::graphics_device_st7735>::init_default_tile_shader<(egl::e_pixel_format)3>()::tshader 0x200146cc   Data           1  app_3.o(.bss._ZZN3egl15graphics_deviceINS_22graphics_device_st7735EE24init_default_tile_shaderILNS_14e_pixel_formatE3EEEvvE7tshader)
    void egl::graphics_device<egl::graphics_device_st7735>::init_default_tile_shader<(egl::e_pixel_format)3>()::wrapper 0x200146d0   Data          12  app_3.o(.bss._ZZN3egl15graphics_deviceINS_22graphics_device_st7735EE24init_default_tile_shaderILNS_14e_pixel_formatE3EEEvvE7wrapper)
    g_lLastTimeStamp                         0x20014860   Data           8  perf_counter_1.o(.bss.g_lLastTimeStamp)
    g_nOffset                                0x20014868   Data           4  perf_counter_1.o(.bss.g_nOffset)
    slice_num                                0x20014d54   Data           4  lcd.o(.bss.slice_num)



==============================================================================

Memory Map of the image

  Image Entry point : 0x10000001

  Load Region LR_STAGE2_BOOT (Base: 0x10000000, Size: 0x00000100, Max: 0x00000100, ABSOLUTE)

    Execution Region ER_STAGE2_BOOT (Exec base: 0x10000000, Load base: 0x10000000, Size: 0x000000f0, Max: 0x00000100, ABSOLUTE)

    Exec Addr    Load Addr    Size         Type   Attr      Idx    E Section Name        Object

    0x10000000   0x10000000   0x000000f0   Code   RO          635  * .text               compile_time_choice.o


    Execution Region ER_FILL (Exec base: 0x100000f0, Load base: 0x100000f0, Size: 0x00000010, Max: 0x00000010, ABSOLUTE)

    Exec Addr    Load Addr    Size         Type   Attr      Idx    E Section Name        Object

    0x100000f0        -       0x00000010   Zero   RW            1    ER_FILL.bss         anon$$obj.o



  Load Region LR_IROM1 (Base: 0x10000100, Size: 0x0001b640, Max: 0x001fff00, ABSOLUTE)

    Execution Region ER_FLASH (Exec base: 0x10000100, Load base: 0x10000100, Size: 0x0001b480, Max: 0x00200000, ABSOLUTE)

    Exec Addr    Load Addr    Size         Type   Attr      Idx    E Section Name        Object

    0x10000100   0x10000100   0x000000c0   Data   RO           15    RESET               startup_rp2040.o
    0x100001c0   0x100001c0   0x00000000   Code   RO         1334  * .ARM.Collect$$$$00000000  mc_p.l(entry.o)
    0x100001c0   0x100001c0   0x00000004   Code   RO         1713    .ARM.Collect$$$$00000003  mc_p.l(entry4.o)
    0x100001c4   0x100001c4   0x00000004   Code   RO         1716    .ARM.Collect$$$$00000004  mc_p.l(entry5.o)
    0x100001c8   0x100001c8   0x00000000   Code   RO         1718    .ARM.Collect$$$$00000008  mc_p.l(entry7b.o)
    0x100001c8   0x100001c8   0x00000004   Code   RO         1719    .ARM.Collect$$$$00000009  mc_p.l(entry8a.o)
    0x100001cc   0x100001cc   0x00000000   Code   RO         1720    .ARM.Collect$$$$0000000A  mc_p.l(entry8b.o)
    0x100001cc   0x100001cc   0x00000008   Code   RO         1721    .ARM.Collect$$$$0000000B  mc_p.l(entry9a.o)
    0x100001d4   0x100001d4   0x00000000   Code   RO         1723    .ARM.Collect$$$$0000000D  mc_p.l(entry10a.o)
    0x100001d4   0x100001d4   0x00000004   Code   RO         1724    .ARM.Collect$$$$0000000E  mc_p.l(entry10b.o)
    0x100001d8   0x100001d8   0x00000000   Code   RO         1725    .ARM.Collect$$$$0000000F  mc_p.l(entry11a.o)
    0x100001d8   0x100001d8   0x00000004   Code   RO         1714    .ARM.Collect$$$$00002714  mc_p.l(entry4.o)
    0x100001dc   0x100001dc   0x00000020   Code   RO         1298    .text               perf_counter.lib(systick_wrapper_ual.o)
    0x100001fc   0x100001fc   0x00000060   Code   RO         1358    .text               mc_p.l(uldiv.o)
    0x1000025c   0x1000025c   0x00000030   Code   RO         1360    .text               mc_p.l(llmul.o)
    0x1000028c   0x1000028c   0x00000024   Code   RO         1362    .text               mc_p.l(memcpya.o)
    0x100002b0   0x100002b0   0x00000024   Code   RO         1364    .text               mc_p.l(memseta.o)
    0x100002d4   0x100002d4   0x0000000e   Code   RO         1366    .text               mc_p.l(strlen.o)
    0x100002e2   0x100002e2   0x00000002   PAD
    0x100002e4   0x100002e4   0x00000020   Code   RO         1664    .text               mc_p.l(cpp_init.o)
    0x10000304   0x10000304   0x0000000e   Code   RO         1666    .text               mc_p.l(cxa_atexit.o)
    0x10000312   0x10000312   0x000000b2   Code   RO         1668    .text               mf_p.l(fadd.o)
    0x100003c4   0x100003c4   0x0000007a   Code   RO         1670    .text               mf_p.l(fmul.o)
    0x1000043e   0x1000043e   0x0000007c   Code   RO         1672    .text               mf_p.l(fdiv.o)
    0x100004ba   0x100004ba   0x0000001c   Code   RO         1674    .text               mf_p.l(fcmplt.o)
    0x100004d6   0x100004d6   0x0000001c   Code   RO         1676    .text               mf_p.l(fcmpge.o)
    0x100004f2   0x100004f2   0x0000001c   Code   RO         1678    .text               mf_p.l(fcmpgt.o)
    0x1000050e   0x1000050e   0x0000001c   Code   RO         1680    .text               mf_p.l(fcmpeq.o)
    0x1000052a   0x1000052a   0x00000016   Code   RO         1682    .text               mf_p.l(fflti.o)
    0x10000540   0x10000540   0x0000000e   Code   RO         1684    .text               mf_p.l(ffltui.o)
    0x1000054e   0x1000054e   0x00000032   Code   RO         1686    .text               mf_p.l(ffixi.o)
    0x10000580   0x10000580   0x0000003e   Code   RO         1729    .text               mc_p.l(uidiv_div0.o)
    0x100005be   0x100005be   0x00000002   PAD
    0x100005c0   0x100005c0   0x00000050   Code   RO         1731    .text               mc_p.l(idiv_div0.o)
    0x10000610   0x10000610   0x00000020   Code   RO         1735    .text               mc_p.l(llshl.o)
    0x10000630   0x10000630   0x00000022   Code   RO         1737    .text               mc_p.l(llushr.o)
    0x10000652   0x10000652   0x00000000   Code   RO         1748    .text               mc_p.l(iusefp.o)
    0x10000652   0x10000652   0x0000002a   Code   RO         1749    .text               mc_p.l(aeabi_atexit.o)
    0x1000067c   0x1000067c   0x00000082   Code   RO         1755    .text               mf_p.l(fepilogue.o)
    0x100006fe   0x100006fe   0x00000058   Code   RO         1757    .text               mf_p.l(fsqrt.o)
    0x10000756   0x10000756   0x0000003e   Code   RO         1759    .text               mf_p.l(frnd.o)
    0x10000794   0x10000794   0x00000164   Code   RO         1761    .text               mf_p.l(dadd.o)
    0x100008f8   0x100008f8   0x000000d0   Code   RO         1763    .text               mf_p.l(dmul.o)
    0x100009c8   0x100009c8   0x000000f0   Code   RO         1765    .text               mf_p.l(ddiv.o)
    0x10000ab8   0x10000ab8   0x00000040   Code   RO         1767    .text               mf_p.l(dfixul.o)
    0x10000af8   0x10000af8   0x00000028   Code   RO         1769    .text               mf_p.l(cdrcmple.o)
    0x10000b20   0x10000b20   0x00000034   Code   RO         1771    .text               mf_p.l(fcmp4.o)
    0x10000b54   0x10000b54   0x00000024   Code   RO         1773    .text               mc_p.l(init.o)
    0x10000b78   0x10000b78   0x00000026   Code   RO         1775    .text               mc_p.l(llsshr.o)
    0x10000b9e   0x10000b9e   0x00000002   PAD
    0x10000ba0   0x10000ba0   0x00000008   Code   RO         1777    .text               mc_p.l(cpp_dtor.o)
    0x10000ba8   0x10000ba8   0x00000042   Code   RO         1780    .text               mc_p.l(cxa_finalize.o)
    0x10000bea   0x10000bea   0x00000018   Code   RO         1782    .text               mf_p.l(fscalb.o)
    0x10000c02   0x10000c02   0x000000be   Code   RO         1784    .text               mf_p.l(depilogue.o)
    0x10000cc0   0x10000cc0   0x00000002   Code   RO         1788    .text               mc_p.l(cpp_final.o)
    0x10000cc2   0x10000cc2   0x0000003a   Code   RO         1798    .text               mc_p.l(__dczerorl.o)
    0x10000cfc   0x10000cfc   0x00000028   Code   RO          832    .text.$Sub$$vprintf  stdio.o
    0x10000d24   0x10000d24   0x00000002   Code   RO            7    .text.Default_Handler  startup_rp2040.o
    0x10000d26   0x10000d26   0x00000002   Code   RO           11    .text.HardFault_Handler  startup_rp2040.o
    0x10000d28   0x10000d28   0x00000058   Code   RO          905    .text.LCD_0IN96_Clear  lcd.o
    0x10000d80   0x10000d80   0x00000638   Code   RO          899    .text.LCD_0IN96_InitReg  lcd.o
    0x100013b8   0x100013b8   0x00000024   Code   RO          891    .text.LCD_0IN96_Reset  lcd.o
    0x100013dc   0x100013dc   0x0000003c   Code   RO          897    .text.LCD_0IN96_SendData_16Bit  lcd.o
    0x10001418   0x10001418   0x00000114   Code   RO          907    .text.LCD_0IN96_SetWindows  lcd.o
    0x1000152c   0x1000152c   0x0000001c   Code   RO            9    .text.Reset_Handler  startup_rp2040.o
    0x10001548   0x10001548   0x00000002   Code   RO          863    .text.SysTick_Handler  main.o
    0x1000154a   0x1000154a   0x00000002   PAD
    0x1000154c   0x1000154c   0x00000010   Code   RO           25    .text.SystemCoreClockUpdate  system_rp2040.o
    0x1000155c   0x1000155c   0x00000014   Code   RO           27    .text.SystemInit    system_rp2040.o
    0x10001570   0x10001570   0x00000040   Code   RO         1095    .text._GLOBAL__sub_I_app_3.cpp  app_3.o
    0x100015b0   0x100015b0   0x000002e8   Code   RO          990    .text._ZN3egl10rasterizer10update_hizIfEEvRKNS0_6resultENS0_10e_hiz_modeEt  egl_rasterizer.o
    0x10001898   0x10001898   0x00000220   Code   RO          986    .text._ZN3egl10rasterizer10update_hizIhEEvRKNS0_6resultENS0_10e_hiz_modeEt  egl_rasterizer.o
    0x10001ab8   0x10001ab8   0x0000027a   Code   RO          988    .text._ZN3egl10rasterizer10update_hizItEEvRKNS0_6resultENS0_10e_hiz_modeEt  egl_rasterizer.o
    0x10001d32   0x10001d32   0x00000002   PAD
    0x10001d34   0x10001d34   0x000000fc   Code   RO          972    .text._ZN3egl10rasterizer11clear_depthENS_13e_clear_depthE  egl_rasterizer.o
    0x10001e30   0x10001e30   0x00000114   Code   RO         1147    .text._ZN3egl10rasterizer12dispatch_psoINS_12psc_p3g_meshI13rstate_opaqueNS_13vertex_p48n32E8vs_ndotl8ps_colorEENS_22graphics_device_st7735EEEvRKT_RT0_  app_3.o
    0x10001f44   0x10001f44   0x00000114   Code   RO         1131    .text._ZN3egl10rasterizer12dispatch_psoINS_12psc_p3g_meshI13rstate_opaqueNS_13vertex_p48n32E8vs_ndotl8ps_ndotlEENS_22graphics_device_st7735EEEvRKT_RT0_  app_3.o
    0x10002058   0x10002058   0x00000140   Code   RO         1163    .text._ZN3egl10rasterizer12dispatch_psoINS_12psc_p3g_meshI13rstate_opaqueNS_9vertex_pnE8vs_ndotl8ps_ndotlEENS_22graphics_device_st7735EEEvRKT_RT0_  app_3.o
    0x10002198   0x10002198   0x00000a4c   Code   RO          966    .text._ZN3egl10rasterizer14rasterize_tileERKNS_17render_target_cfgERNS_15rasterizer_tileEt  egl_rasterizer.o
    0x10002be4   0x10002be4   0x00000108   Code   RO          970    .text._ZN3egl10rasterizer4initERKNS_14rasterizer_cfgERKNS_21rasterizer_tiling_cfgE  egl_rasterizer.o
    0x10002cec   0x10002cec   0x000000f4   Code   RO          974    .text._ZN3egl10rasterizer6commitEv  egl_rasterizer.o
    0x10002de0   0x10002de0   0x0000003e   Code   RO          968    .text._ZN3egl10rasterizerC2Ev  egl_rasterizer.o
    0x10002e1e   0x10002e1e   0x00000008   Code   RO          956    .text._ZN3egl14rasterizer_cfg13set_pso_storeEPvjt  egl_rasterizer.o
    0x10002e26   0x10002e26   0x00000006   Code   RO          954    .text._ZN3egl14rasterizer_cfg14set_dispatchesEPNS_19rasterizer_dispatchEt  egl_rasterizer.o
    0x10002e2c   0x10002e2c   0x00000012   Code   RO          958    .text._ZN3egl14rasterizer_cfg16set_tile_buffersEPKPvS1_PtNS_14e_depth_formatEt  egl_rasterizer.o
    0x10002e3e   0x10002e3e   0x0000001a   Code   RO          952    .text._ZN3egl14rasterizer_cfgC2Ev  egl_rasterizer.o
    0x10002e58   0x10002e58   0x0000004c   Code   RO         1125    .text._ZN3egl15graphics_deviceINS_22graphics_device_st7735EE24init_default_tile_shaderILNS_14e_pixel_formatE3EEEvv  app_3.o
    0x10002ea4   0x10002ea4   0x0000003c   Code   RO          927    .text._ZN3egl17bcd16_version_strEt  egl_core.o
    0x10002ee0   0x10002ee0   0x00000110   Code   RO         1119    .text._ZN3egl17rasterizer_memoryINS_22graphics_device_st7735E21rasterizer_memory_cfgE4initERS1_  app_3.o
    0x10002ff0   0x10002ff0   0x0000034c   Code   RO         1040    .text._ZN3egl17rasterizer_tiling11add_clusterERKNS_4vec3IfEES4_tt  egl_rasterizer_tiling.o
    0x1000333c   0x1000333c   0x00000138   Code   RO         1042    .text._ZN3egl17rasterizer_tiling11add_clusterERKNS_5mat44IfEERKNS_4vec3IfEEftt  egl_rasterizer_tiling.o
    0x10003474   0x10003474   0x000002c4   Code   RO         1034    .text._ZN3egl17rasterizer_tiling4initERKNS_21rasterizer_tiling_cfgE  egl_rasterizer_tiling.o
    0x10003738   0x10003738   0x00000026   Code   RO         1036    .text._ZN3egl17rasterizer_tiling5clearEv  egl_rasterizer_tiling.o
    0x1000375e   0x1000375e   0x0000000e   Code   RO         1030    .text._ZN3egl17rasterizer_tilingC2Ev  egl_rasterizer_tiling.o
    0x1000376c   0x1000376c   0x00000002   Code   RO         1032    .text._ZN3egl17rasterizer_tilingD2Ev  egl_rasterizer_tiling.o
    0x1000376e   0x1000376e   0x00000002   PAD
    0x10003770   0x10003770   0x00000198   Code   RO         1121    .text._ZN3egl18perspective_matrixIfEENS_5mat44IT_EENS_4mathIS2_E8scalar_tES6_S6_S6_b  app_3.o
    0x10003908   0x10003908   0x00000006   Code   RO         1026    .text._ZN3egl21rasterizer_tiling_cfg12set_clustersEPNS_18rasterizer_clusterEt  egl_rasterizer_tiling.o
    0x1000390e   0x1000390e   0x00000004   Code   RO         1024    .text._ZN3egl21rasterizer_tiling_cfg14set_tile_orderENS_12e_tile_orderE  egl_rasterizer_tiling.o
    0x10003912   0x10003912   0x00000002   PAD
    0x10003914   0x10003914   0x00000098   Code   RO         1028    .text._ZN3egl21rasterizer_tiling_cfg18set_cluster_stripsEPvtt  egl_rasterizer_tiling.o
    0x100039ac   0x100039ac   0x00000006   Code   RO         1020    .text._ZN3egl21rasterizer_tiling_cfg22set_render_target_sizeEtt  egl_rasterizer_tiling.o
    0x100039b2   0x100039b2   0x00000012   Code   RO         1022    .text._ZN3egl21rasterizer_tiling_cfg9set_tilesEPNS_15rasterizer_tileEPthh  egl_rasterizer_tiling.o
    0x100039c4   0x100039c4   0x00000016   Code   RO         1018    .text._ZN3egl21rasterizer_tiling_cfgC2Ev  egl_rasterizer_tiling.o
    0x100039da   0x100039da   0x00000002   PAD
    0x100039dc   0x100039dc   0x00000208   Code   RO         1052    .text._ZN3egl21sphere_screen_extentsIfEENS_4vec4IT_EERKNS_4vec3IS2_EENS_4mathIS2_E8scalar_tERKNS_5mat44IS2_EE  egl_rasterizer_tiling.o
    0x10003be4   0x10003be4   0x00000100   Code   RO         1080    .text._ZN3egl22graphics_device_st773511submit_tileEhhRKNS_4vec2ItEES4_t  egl_device_st7735.o
    0x10003ce4   0x10003ce4   0x00000030   Code   RO         1076    .text._ZN3egl22graphics_device_st773515init_rasterizerERKNS_14rasterizer_cfgERKNS_21rasterizer_tiling_cfgERKNS_27rasterizer_vertex_cache_cfgE  egl_device_st7735.o
    0x10003d14   0x10003d14   0x000000a8   Code   RO         1070    .text._ZN3egl22graphics_device_st7735C2Ev  egl_device_st7735.o
    0x10003dbc   0x10003dbc   0x00000024   Code   RO         1072    .text._ZN3egl22graphics_device_st7735D2Ev  egl_device_st7735.o
    0x10003de0   0x10003de0   0x00000114   Code   RO         1007    .text._ZN3egl23rasterizer_vertex_cache19alloc_cluster_cacheEtj  egl_rasterizer_cache.o
    0x10003ef4   0x10003ef4   0x000000d0   Code   RO         1159    .text._ZN3egl23rasterizer_vertex_cache22get_cluster_ptv_bufferINS_12psc_p3g_meshI13rstate_opaqueNS_13vertex_p48n32E8vs_ndotl8ps_colorEEEEPKNT_7ptv_fmtERKS8_RKNS8_9pso_stateEPKvttt  app_3.o
    0x10003fc4   0x10003fc4   0x000000d0   Code   RO         1143    .text._ZN3egl23rasterizer_vertex_cache22get_cluster_ptv_bufferINS_12psc_p3g_meshI13rstate_opaqueNS_13vertex_p48n32E8vs_ndotl8ps_ndotlEEEEPKNT_7ptv_fmtERKS8_RKNS8_9pso_stateEPKvttt  app_3.o
    0x10004094   0x10004094   0x000000e0   Code   RO         1175    .text._ZN3egl23rasterizer_vertex_cache22get_cluster_ptv_bufferINS_12psc_p3g_meshI13rstate_opaqueNS_9vertex_pnE8vs_ndotl8ps_ndotlEEEEPKNT_7ptv_fmtERKS8_RKNS8_9pso_stateEPKvttt  app_3.o
    0x10004174   0x10004174   0x000000ec   Code   RO         1003    .text._ZN3egl23rasterizer_vertex_cache4initERKNS_27rasterizer_vertex_cache_cfgE  egl_rasterizer_cache.o
    0x10004260   0x10004260   0x00000088   Code   RO         1005    .text._ZN3egl23rasterizer_vertex_cache5clearEv  egl_rasterizer_cache.o
    0x100042e8   0x100042e8   0x0000000e   Code   RO         1001    .text._ZN3egl23rasterizer_vertex_cacheC2Ev  egl_rasterizer_cache.o
    0x100042f6   0x100042f6   0x00000038   Code   RO          964    .text._ZN3egl24rasterizer_callback_base15rasterize_tilesERNS_10rasterizerERKNS_17render_target_cfgEPNS_15rasterizer_tileEj  egl_rasterizer.o
    0x1000432e   0x1000432e   0x0000003e   Code   RO         1127    .text._ZN3egl24rasterizer_callback_base19tile_shader_wrapperINS_22graphics_device_st7735ENS0_25tshader_rt0_pixel_convertILNS_14e_pixel_formatE3ELS4_3EEEE11copy_regionEPvPKPKvRKNS_23rasterizer_depth_targetEjttttt  app_3.o
    0x1000436c   0x1000436c   0x00000070   Code   RO         1129    .text._ZN3egl24rasterizer_callback_base19tile_shader_wrapperINS_22graphics_device_st7735ENS0_25tshader_rt0_pixel_convertILNS_14e_pixel_formatE3ELS4_3EEEE15transfer_regionEPKPKvRKNS_23rasterizer_depth_targetEjttttt  app_3.o
    0x100043dc   0x100043dc   0x00000006   Code   RO          999    .text._ZN3egl27rasterizer_vertex_cache_cfg18set_cache_clustersEPtj  egl_rasterizer_cache.o
    0x100043e2   0x100043e2   0x00000006   Code   RO          997    .text._ZN3egl27rasterizer_vertex_cache_cfg22set_cluster_ptv_bufferEPvj  egl_rasterizer_cache.o
    0x100043e8   0x100043e8   0x00000006   Code   RO          995    .text._ZN3egl27rasterizer_vertex_cache_cfg9set_cacheEPvj  egl_rasterizer_cache.o
    0x100043ee   0x100043ee   0x0000000e   Code   RO          993    .text._ZN3egl27rasterizer_vertex_cache_cfgC2Ev  egl_rasterizer_cache.o
    0x100043fc   0x100043fc   0x000010be   Code   RO         1123    .text._ZN3egl6cameraIfE17update_transformsEv  app_3.o
    0x100054ba   0x100054ba   0x00000084   Code   RO         1117    .text._ZN3egl6cameraIfEC2Ev  app_3.o
    0x1000553e   0x1000553e   0x00000002   PAD
    0x10005540   0x10005540   0x00000158   Code   RO          941    .text._ZN3egl8p3g_mesh4initEPKv  egl_mesh.o
    0x10005698   0x10005698   0x0000000a   Code   RO          937    .text._ZN3egl8p3g_meshC2Ev  egl_mesh.o
    0x100056a2   0x100056a2   0x00000002   PAD
    0x100056a4   0x100056a4   0x00000034   Code   RO         1153    .text._ZNK3egl10rasterizer11psc_wrapperINS_12psc_p3g_meshI13rstate_opaqueNS_13vertex_p48n32E8vs_ndotl8ps_colorEENS_22graphics_device_st7735EE13get_pso_stateEPvt  app_3.o
    0x100056d8   0x100056d8   0x000005d8   Code   RO         1157    .text._ZNK3egl10rasterizer11psc_wrapperINS_12psc_p3g_meshI13rstate_opaqueNS_13vertex_p48n32E8vs_ndotl8ps_colorEENS_22graphics_device_st7735EE17rasterize_clusterERNS_24rasterizer_callback_baseERNS0_6resultERKNS_17render_target_cfgEttttjPKvttt  app_3.o
    0x10005cb0   0x10005cb0   0x00000004   Code   RO         1155    .text._ZNK3egl10rasterizer11psc_wrapperINS_12psc_p3g_meshI13rstate_opaqueNS_13vertex_p48n32E8vs_ndotl8ps_colorEENS_22graphics_device_st7735EE8hiz_modeEv  app_3.o
    0x10005cb4   0x10005cb4   0x00000034   Code   RO         1137    .text._ZNK3egl10rasterizer11psc_wrapperINS_12psc_p3g_meshI13rstate_opaqueNS_13vertex_p48n32E8vs_ndotl8ps_ndotlEENS_22graphics_device_st7735EE13get_pso_stateEPvt  app_3.o
    0x10005ce8   0x10005ce8   0x000006a0   Code   RO         1141    .text._ZNK3egl10rasterizer11psc_wrapperINS_12psc_p3g_meshI13rstate_opaqueNS_13vertex_p48n32E8vs_ndotl8ps_ndotlEENS_22graphics_device_st7735EE17rasterize_clusterERNS_24rasterizer_callback_baseERNS0_6resultERKNS_17render_target_cfgEttttjPKvttt  app_3.o
    0x10006388   0x10006388   0x00000004   Code   RO         1139    .text._ZNK3egl10rasterizer11psc_wrapperINS_12psc_p3g_meshI13rstate_opaqueNS_13vertex_p48n32E8vs_ndotl8ps_ndotlEENS_22graphics_device_st7735EE8hiz_modeEv  app_3.o
    0x1000638c   0x1000638c   0x00000034   Code   RO         1169    .text._ZNK3egl10rasterizer11psc_wrapperINS_12psc_p3g_meshI13rstate_opaqueNS_9vertex_pnE8vs_ndotl8ps_ndotlEENS_22graphics_device_st7735EE13get_pso_stateEPvt  app_3.o
    0x100063c0   0x100063c0   0x00000698   Code   RO         1173    .text._ZNK3egl10rasterizer11psc_wrapperINS_12psc_p3g_meshI13rstate_opaqueNS_9vertex_pnE8vs_ndotl8ps_ndotlEENS_22graphics_device_st7735EE17rasterize_clusterERNS_24rasterizer_callback_baseERNS0_6resultERKNS_17render_target_cfgEttttjPKvttt  app_3.o
    0x10006a58   0x10006a58   0x00000004   Code   RO         1171    .text._ZNK3egl10rasterizer11psc_wrapperINS_12psc_p3g_meshI13rstate_opaqueNS_9vertex_pnE8vs_ndotl8ps_ndotlEENS_22graphics_device_st7735EE8hiz_modeEv  app_3.o
    0x10006a5c   0x10006a5c   0x0000035c   Code   RO         1151    .text._ZNK3egl12psc_p3g_meshI13rstate_opaqueNS_13vertex_p48n32E8vs_ndotl8ps_colorE11bin_clusterERNS_17rasterizer_tilingERKNS5_9pso_stateEtt  app_3.o
    0x10006db8   0x10006db8   0x00000a50   Code   RO         1149    .text._ZNK3egl12psc_p3g_meshI13rstate_opaqueNS_13vertex_p48n32E8vs_ndotl8ps_colorE13get_pso_stateERNS5_9pso_stateE  app_3.o
    0x10007808   0x10007808   0x000001d0   Code   RO         1161    .text._ZNK3egl12psc_p3g_meshI13rstate_opaqueNS_13vertex_p48n32E8vs_ndotl8ps_colorE13tform_clusterEPNS4_4psinERKNS5_9pso_stateEPKv  app_3.o
    0x100079d8   0x100079d8   0x0000035c   Code   RO         1135    .text._ZNK3egl12psc_p3g_meshI13rstate_opaqueNS_13vertex_p48n32E8vs_ndotl8ps_ndotlE11bin_clusterERNS_17rasterizer_tilingERKNS5_9pso_stateEtt  app_3.o
    0x10007d34   0x10007d34   0x00000a50   Code   RO         1133    .text._ZNK3egl12psc_p3g_meshI13rstate_opaqueNS_13vertex_p48n32E8vs_ndotl8ps_ndotlE13get_pso_stateERNS5_9pso_stateE  app_3.o
    0x10008784   0x10008784   0x00000234   Code   RO         1145    .text._ZNK3egl12psc_p3g_meshI13rstate_opaqueNS_13vertex_p48n32E8vs_ndotl8ps_ndotlE13tform_clusterEPNS4_4psinERKNS5_9pso_stateEPKv  app_3.o
    0x100089b8   0x100089b8   0x0000035c   Code   RO         1167    .text._ZNK3egl12psc_p3g_meshI13rstate_opaqueNS_9vertex_pnE8vs_ndotl8ps_ndotlE11bin_clusterERNS_17rasterizer_tilingERKNS5_9pso_stateEtt  app_3.o
    0x10008d14   0x10008d14   0x00000a50   Code   RO         1165    .text._ZNK3egl12psc_p3g_meshI13rstate_opaqueNS_9vertex_pnE8vs_ndotl8ps_ndotlE13get_pso_stateERNS5_9pso_stateE  app_3.o
    0x10009764   0x10009764   0x0000018e   Code   RO         1177    .text._ZNK3egl12psc_p3g_meshI13rstate_opaqueNS_9vertex_pnE8vs_ndotl8ps_ndotlE13tform_clusterEPNS4_4psinERKNS5_9pso_stateEPKv  app_3.o
    0x100098f2   0x100098f2   0x00000002   PAD
    0x100098f4   0x100098f4   0x00000098   Code   RO         1225    .text.__aeabi_assert  retarget_io.o
    0x1000998c   0x1000998c   0x00000028   Code   RO         1309    .text.__cxa_pure_virtual  libcppabi_p.l(cxa_virtual.cpp.o)
    0x100099b4   0x100099b4   0x00000040   Code   RO         1251    .text.__perf_counter_init  perf_counter.lib(perf_counter_1.o)
    0x100099f4   0x100099f4   0x00000002   Code   RO         1243    .text.__perf_os_patch_init  perf_counter.lib(perf_counter_1.o)
    0x100099f6   0x100099f6   0x00000008   Code   RO           13    .text.__pico_entry  startup_rp2040.o
    0x100099fe   0x100099fe   0x0000001e   Code   RO          828    .text._write        stdio.o
    0x10009a1c   0x10009a1c   0x00000002   Code   RO         1227    .text.abort         retarget_io.o
    0x10009a1e   0x10009a1e   0x00000004   Code   RO         1689    .text.abort_message  libcppabi_p.l(abort_message.cpp.o)
    0x10009a22   0x10009a22   0x00000002   PAD
    0x10009a24   0x10009a24   0x0000015c   Code   RO          406    .text.add_alarm_under_lock  time.o
    0x10009b80   0x10009b80   0x00000118   Code   RO          404    .text.alarm_pool_add_alarm_at  time.o
    0x10009c98   0x10009c98   0x000002e8   Code   RO          432    .text.alarm_pool_alarm_callback  time.o
    0x10009f80   0x10009f80   0x00000034   Code   RO          394    .text.alarm_pool_init_default  time.o
    0x10009fb4   0x10009fb4   0x0000003c   Code   RO          396    .text.alarm_pool_post_alloc_init  time.o
    0x10009ff0   0x10009ff0   0x00000528   Code   RO         1093    .text.app_entry     app_3.o
    0x1000a518   0x1000a518   0x0000001c   Code   RO          483    .text.busy_wait_until  timer.o
    0x1000a534   0x1000a534   0x00000110   Code   RO           40    .text.clock_configure  clocks.o
    0x1000a644   0x1000a644   0x00000008   Code   RO           44    .text.clock_get_hz  clocks.o
    0x1000a64c   0x1000a64c   0x000000f4   Code   RO           42    .text.clocks_init   clocks.o
    0x1000a740   0x1000a740   0x00000008   Code   RO          790    .text.fputc         env_wrapper.o
    0x1000a748   0x1000a748   0x0000003c   Code   RO         1247    .text.get_system_ticks  perf_counter.lib(perf_counter_1.o)
    0x1000a784   0x1000a784   0x00000030   Code   RO          217    .text.gpio_init     gpio.o
    0x1000a7b4   0x1000a7b4   0x0000002c   Code   RO          175    .text.gpio_set_function  gpio.o
    0x1000a7e0   0x1000a7e0   0x00000038   Code   RO          493    .text.hardware_alarm_cancel  timer.o
    0x1000a818   0x1000a818   0x00000038   Code   RO          471    .text.hardware_alarm_claim  timer.o
    0x1000a850   0x1000a850   0x0000006c   Code   RO          489    .text.hardware_alarm_irq_handler  timer.o
    0x1000a8bc   0x1000a8bc   0x0000008c   Code   RO          487    .text.hardware_alarm_set_callback  timer.o
    0x1000a948   0x1000a948   0x00000128   Code   RO          491    .text.hardware_alarm_set_target  timer.o
    0x1000aa70   0x1000aa70   0x00000044   Code   RO          513    .text.hw_claim_or_assert  claim.o
    0x1000aab4   0x1000aab4   0x0000005c   Code   RO         1249    .text.init_cycle_counter  perf_counter.lib(perf_counter_1.o)
    0x1000ab10   0x1000ab10   0x000000f8   Code   RO          156    .text.irq_add_tail_to_free_list  irq.o
    0x1000ac08   0x1000ac08   0x0000000c   Code   RO          142    .text.irq_get_vtable_handler  irq.o
    0x1000ac14   0x1000ac14   0x00000018   Code   RO          158    .text.irq_init_priorities  irq.o
    0x1000ac2c   0x1000ac2c   0x00000220   Code   RO          150    .text.irq_remove_handler  irq.o
    0x1000ae4c   0x1000ae4c   0x00000024   Code   RO          134    .text.irq_set_enabled  irq.o
    0x1000ae70   0x1000ae70   0x00000090   Code   RO          144    .text.irq_set_exclusive_handler  irq.o
    0x1000af00   0x1000af00   0x000000d0   Code   RO          901    .text.lcd_gpio_init  lcd.o
    0x1000afd0   0x1000afd0   0x00000050   Code   RO          903    .text.lcd_init      lcd.o
    0x1000b020   0x1000b020   0x00000010   Code   RO          321    .text.lock_init     lock_core.o
    0x1000b030   0x1000b030   0x00000050   Code   RO          865    .text.main          main.o
    0x1000b080   0x1000b080   0x0000001a   Code   RO          330    .text.mutex_init    mutex.o
    0x1000b09a   0x1000b09a   0x00000002   PAD
    0x1000b09c   0x1000b09c   0x00000018   Code   RO          284    .text.next_striped_spin_lock_num  sync.o
    0x1000b0b4   0x1000b0b4   0x00000040   Code   RO          651    .text.panic         runtime.o
    0x1000b0f4   0x1000b0f4   0x00000074   Code   RO          434    .text.ph_add_child_node  time.o
    0x1000b168   0x1000b168   0x00000074   Code   RO          580    .text.ph_add_child_node  pheap.o
    0x1000b1dc   0x1000b1dc   0x0000003c   Code   RO          562    .text.ph_clear      pheap.o
    0x1000b218   0x1000b218   0x0000003a   Code   RO          568    .text.ph_merge_nodes  pheap.o
    0x1000b252   0x1000b252   0x00000002   PAD
    0x1000b254   0x1000b254   0x00000068   Code   RO          566    .text.ph_merge_two_pass  pheap.o
    0x1000b2bc   0x1000b2bc   0x0000000e   Code   RO          560    .text.ph_post_alloc_init  pheap.o
    0x1000b2ca   0x1000b2ca   0x00000002   PAD
    0x1000b2cc   0x1000b2cc   0x000000f8   Code   RO          574    .text.ph_remove_and_free_node  pheap.o
    0x1000b3c4   0x1000b3c4   0x00000110   Code   RO          572    .text.ph_remove_any_head  pheap.o
    0x1000b4d4   0x1000b4d4   0x00000014   Code   RO          570    .text.ph_remove_head  pheap.o
    0x1000b4e8   0x1000b4e8   0x0000013c   Code   RO           94    .text.pll_init      pll.o
    0x1000b624   0x1000b624   0x0000001a   Code   RO          332    .text.recursive_mutex_init  mutex.o
    0x1000b63e   0x1000b63e   0x00000002   PAD
    0x1000b640   0x1000b640   0x00000010   Code   RO          107    .text.running_on_fpga  platform.o
    0x1000b650   0x1000b650   0x000000ec   Code   RO          643    .text.runtime_init  runtime.o
    0x1000b73c   0x1000b73c   0x00000014   Code   RO          428    .text.sleep_ms      time.o
    0x1000b750   0x1000b750   0x000000d0   Code   RO          422    .text.sleep_until   time.o
    0x1000b820   0x1000b820   0x0000002c   Code   RO          424    .text.sleep_until_callback  time.o
    0x1000b84c   0x1000b84c   0x00000048   Code   RO          426    .text.sleep_us      time.o
    0x1000b894   0x1000b894   0x0000005c   Code   RO          699    .text.spi_init      spi.o
    0x1000b8f0   0x1000b8f0   0x0000008c   Code   RO          701    .text.spi_set_baudrate  spi.o
    0x1000b97c   0x1000b97c   0x00000018   Code   RO          280    .text.spin_locks_reset  sync.o
    0x1000b994   0x1000b994   0x00000088   Code   RO          848    .text.stdio_out_chars_crlf  stdio.o
    0x1000ba1c   0x1000ba1c   0x0000000c   Code   RO          846    .text.stdio_out_chars_no_crlf  stdio.o
    0x1000ba28   0x1000ba28   0x00000088   Code   RO          818    .text.stdio_put_string  stdio.o
    0x1000bab0   0x1000bab0   0x00000014   Code   RO          788    .text.stdout_putchar  env_wrapper.o
    0x1000bac4   0x1000bac4   0x00000034   Code   RO          812    .text.stdout_serialize_begin  stdio.o
    0x1000baf8   0x1000baf8   0x00000014   Code   RO          477    .text.time_us_64    timer.o
    0x1000bb0c   0x1000bb0c   0x00000050   Code   RO          392    .text.timer_pool_entry_comparator  time.o
    0x1000bb5c   0x1000bb5c   0x0000005c   Code   RO         1301    .text.unlikely.__cxa_guard_acquire  libcppabi_p.l(cxa_guard.cpp.o)
    0x1000bbb8   0x1000bbb8   0x00000008   Code   RO         1303    .text.unlikely.__cxa_guard_release  libcppabi_p.l(cxa_guard.cpp.o)
    0x1000bbc0   0x1000bbc0   0x00000054   Code   RO         1245    .text.update_perf_counter  perf_counter.lib(perf_counter_1.o)
    0x1000bc14   0x1000bc14   0x00000084   Code   RO         1241    .text.user_code_insert_to_systick_handler  perf_counter.lib(perf_counter_1.o)
    0x1000bc98   0x1000bc98   0x00000010   Code   RO           69    .text.watchdog_start_tick  watchdog.o
    0x1000bca8   0x1000bca8   0x00000028   Code   RO          120    .text.xosc_init     xosc.o
    0x1000bcd0   0x1000bcd0   0x00000046   Code   RO          334    .time_critical.mutex_enter_blocking  mutex.o
    0x1000bd16   0x1000bd16   0x00000002   PAD
    0x1000bd18   0x1000bd18   0x00000044   Code   RO          354    .time_critical.mutex_exit  mutex.o
    0x1000bd5c   0x1000bd5c   0x00000040   Code   RO          338    .time_critical.mutex_try_enter  mutex.o
    0x1000bd9c   0x1000bd9c   0x0000003a   Code   RO          709    .time_critical.spi_write_blocking  spi.o
    0x1000bdd6   0x1000bdd6   0x00000002   PAD
    0x1000bdd8   0x1000bdd8   0x00000020   Code   RO         1577    i.__0printf$8       mc_p.l(printf8.o)
    0x1000bdf8   0x1000bdf8   0x00000028   Code   RO         1579    i.__0sprintf$8      mc_p.l(printf8.o)
    0x1000be20   0x1000be20   0x00000014   Code   RO         1607    i.__0vprintf        mc_p.l(printfa.o)
    0x1000be34   0x1000be34   0x0000002e   Code   RO         1786    i.__ARM_clz         mf_p.l(depilogue.o)
    0x1000be62   0x1000be62   0x00000032   Code   RO         1711    i.__ARM_common_ll_muluu  m_ps.l(rredf.o)
    0x1000be94   0x1000be94   0x00000022   Code   RO         1692    i.__ARM_fpclassifyf  m_ps.l(fpclassifyf.o)
    0x1000beb6   0x1000beb6   0x00000002   PAD
    0x1000beb8   0x1000beb8   0x00000054   Code   RO         1631    i.__free$2region    mc_p.l(malloc2.o)
    0x1000bf0c   0x1000bf0c   0x0000006c   Code   RO         1632    i.__malloc$2region  mc_p.l(malloc2.o)
    0x1000bf78   0x1000bf78   0x0000000a   Code   RO         1695    i.__mathlib_flt_infnan  m_ps.l(funder.o)
    0x1000bf82   0x1000bf82   0x0000000c   Code   RO         1697    i.__mathlib_flt_invalid  m_ps.l(funder.o)
    0x1000bf8e   0x1000bf8e   0x0000000e   Code   RO         1700    i.__mathlib_flt_underflow  m_ps.l(funder.o)
    0x1000bf9c   0x1000bf9c   0x00000180   Code   RO         1708    i.__mathlib_rredf2  m_ps.l(rredf.o)
    0x1000c11c   0x1000c11c   0x0000000e   Code   RO         1792    i.__scatterload_copy  mc_p.l(handlers.o)
    0x1000c12a   0x1000c12a   0x00000002   Code   RO         1793    i.__scatterload_null  mc_p.l(handlers.o)
    0x1000c12c   0x1000c12c   0x0000000e   Code   RO         1794    i.__scatterload_zeroinit  mc_p.l(handlers.o)
    0x1000c13a   0x1000c13a   0x00000002   PAD
    0x1000c13c   0x1000c13c   0x0000000c   Code   RO         1743    i.__set_errno       mc_p.l(errno.o)
    0x1000c148   0x1000c148   0x00000174   Code   RO         1610    i._fp_digits        mc_p.l(printfa.o)
    0x1000c2bc   0x1000c2bc   0x00000428   Code   RO         1584    i._printf_core      mc_p.l(printf8.o)
    0x1000c6e4   0x1000c6e4   0x000006ec   Code   RO         1611    i._printf_core      mc_p.l(printfa.o)
    0x1000cdd0   0x1000cdd0   0x00000020   Code   RO         1585    i._printf_post_padding  mc_p.l(printf8.o)
    0x1000cdf0   0x1000cdf0   0x00000020   Code   RO         1612    i._printf_post_padding  mc_p.l(printfa.o)
    0x1000ce10   0x1000ce10   0x0000002c   Code   RO         1586    i._printf_pre_padding  mc_p.l(printf8.o)
    0x1000ce3c   0x1000ce3c   0x0000002c   Code   RO         1613    i._printf_pre_padding  mc_p.l(printfa.o)
    0x1000ce68   0x1000ce68   0x0000000a   Code   RO         1588    i._sputc            mc_p.l(printf8.o)
    0x1000ce72   0x1000ce72   0x00000002   PAD
    0x1000ce74   0x1000ce74   0x00000178   Code   RO         1315    i.cosf              m_ps.l(cosf.o)
    0x1000cfec   0x1000cfec   0x00000026   Code   RO         1330    i.fmaxf             m_ps.l(fmaxf.o)
    0x1000d012   0x1000d012   0x00000026   Code   RO         1332    i.fminf             m_ps.l(fminf.o)
    0x1000d038   0x1000d038   0x00000018   Code   RO         1337    i.fputs             mc_p.l(fputs.o)
    0x1000d050   0x1000d050   0x00000020   Code   RO         1339    i.puts              mc_p.l(puts.o)
    0x1000d070   0x1000d070   0x00000184   Code   RO         1319    i.sinf              m_ps.l(sinf.o)
    0x1000d1f4   0x1000d1f4   0x0000002c   Code   RO         1323    i.sqrtf             m_ps.l(sqrtf.o)
    0x1000d220   0x1000d220   0x00000170   Code   RO         1327    i.tanf              m_ps.l(tanf.o)
    0x1000d390   0x1000d390   0x00000020   Data   RO         1709    .constdata          m_ps.l(rredf.o)
    0x1000d3b0   0x1000d3b0   0x00000018   Data   RO         1210    .rodata.EventRecorderInfo  eventrecorder.o
    0x1000d3c8   0x1000d3c8   0x00003e84   Data   RO         1103    .rodata._ZL16s_p3g_torus_data  app_3.o
    0x1001124c   0x1001124c   0x00009478   Data   RO         1102    .rodata._ZL22s_p3g_monkey_2mat_data  app_3.o
    0x1001a6c4   0x1001a6c4   0x00000014   Data   RO         1184    .rodata._ZTVN3egl10rasterizer11psc_wrapperINS_12psc_p3g_meshI13rstate_opaqueNS_13vertex_p48n32E8vs_ndotl8ps_colorEENS_22graphics_device_st7735EEE  app_3.o
    0x1001a6d8   0x1001a6d8   0x00000014   Data   RO         1183    .rodata._ZTVN3egl10rasterizer11psc_wrapperINS_12psc_p3g_meshI13rstate_opaqueNS_13vertex_p48n32E8vs_ndotl8ps_ndotlEENS_22graphics_device_st7735EEE  app_3.o
    0x1001a6ec   0x1001a6ec   0x00000014   Data   RO         1185    .rodata._ZTVN3egl10rasterizer11psc_wrapperINS_12psc_p3g_meshI13rstate_opaqueNS_9vertex_pnE8vs_ndotl8ps_ndotlEENS_22graphics_device_st7735EEE  app_3.o
    0x1001a700   0x1001a700   0x00000010   Data   RO         1091    .rodata._ZTVN3egl15graphics_deviceINS_22graphics_device_st7735EEE  egl_device_st7735.o
    0x1001a710   0x1001a710   0x00000010   Data   RO         1083    .rodata._ZTVN3egl22graphics_device_st7735E  egl_device_st7735.o
    0x1001a720   0x1001a720   0x00000010   Data   RO         1182    .rodata._ZTVN3egl24rasterizer_callback_base19tile_shader_wrapperINS_22graphics_device_st7735ENS0_25tshader_rt0_pixel_convertILNS_14e_pixel_formatE3ELS4_3EEEEE  app_3.o
    0x1001a730   0x1001a730   0x00000002   Data   RO          854    .rodata.stdio_out_chars_crlf.crlf_str  stdio.o
    0x1001a732   0x1001a732   0x00000037   Data   RO           59    .rodata.str1.1      clocks.o
    0x1001a769   0x1001a769   0x0000007a   Data   RO           98    .rodata.str1.1      pll.o
    0x1001a7e3   0x1001a7e3   0x00000056   Data   RO          160    .rodata.str1.1      irq.o
    0x1001a839   0x1001a839   0x0000004f   Data   RO          358    .rodata.str1.1      mutex.o
    0x1001a888   0x1001a888   0x000001a5   Data   RO          440    .rodata.str1.1      time.o
    0x1001aa2d   0x1001aa2d   0x0000002c   Data   RO          582    .rodata.str1.1      pheap.o
    0x1001aa59   0x1001aa59   0x00000112   Data   RO          943    .rodata.str1.1      egl_mesh.o
    0x1001ab6b   0x1001ab6b   0x000001a0   Data   RO          976    .rodata.str1.1      egl_rasterizer.o
    0x1001ad0b   0x1001ad0b   0x000000b5   Data   RO         1009    .rodata.str1.1      egl_rasterizer_cache.o
    0x1001adc0   0x1001adc0   0x00000200   Data   RO         1044    .rodata.str1.1      egl_rasterizer_tiling.o
    0x1001afc0   0x1001afc0   0x0000056d   Data   RO         1105    .rodata.str1.1      app_3.o
    0x1001b52d   0x1001b52d   0x00000003   PAD
    0x1001b530   0x1001b530   0x00000040   Data   RO         1791    Region$$Table       anon$$obj.o
    0x1001b570   0x1001b570   0x00000004   Data   RO           16    .init_array.255     startup_rp2040.o
    0x1001b574   0x1001b570   0x00000004   Data   RO           30    .init_array         system_rp2040.o
    0x1001b578   0x1001b570   0x00000004   Data   RO         1106    .init_array         app_3.o
    0x1001b57c   0x1001b570   0x00000004   Data   RO         1296    .init_array         perf_counter.lib(perf_counter_1.o)
    0x1001b580   0x1001b570   0x00000000   Data   RO         1662    .init_array         mc_p.l(cpp_init.o)


    Execution Region ER_RAM_VECTOR_TABLE (Exec base: 0x20000000, Load base: 0x1001b580, Size: 0x000000c0, Max: 0xffffffff, ABSOLUTE)

    Exec Addr    Load Addr    Size         Type   Attr      Idx    E Section Name        Object

    0x20000000   0x1001b580   0x000000c0   Data   RW          655    .ram_vector_table   runtime.o


    Execution Region ARM_LIB_STACK (Exec base: 0x200000c0, Load base: 0x1001b640, Size: 0x00001000, Max: 0x00001000, ABSOLUTE)

    Exec Addr    Load Addr    Size         Type   Attr      Idx    E Section Name        Object

    0x200000c0        -       0x00001000   Zero   RW            2    ARM_LIB_STACK.bss   anon$$obj.o


    Execution Region ARM_LIB_STACK_ONE (Exec base: 0x200010c0, Load base: 0x1001b640, Size: 0x00000400, Max: 0x00000400, ABSOLUTE)

    Exec Addr    Load Addr    Size         Type   Attr      Idx    E Section Name        Object

    0x200010c0        -       0x00000400   Zero   RW            3    ARM_LIB_STACK_ONE.bss  anon$$obj.o


    Execution Region ARM_LIB_HEAP (Exec base: 0x200014c0, Load base: 0x1001b640, Size: 0x00008000, Max: 0x00008000, ABSOLUTE)

    Exec Addr    Load Addr    Size         Type   Attr      Idx    E Section Name        Object

    0x200014c0        -       0x00008000   Zero   RW            4    ARM_LIB_HEAP.bss    anon$$obj.o


    Execution Region ARM_LIB_HEAP_ONE (Exec base: 0x200094c0, Load base: 0x1001b640, Size: 0x00000400, Max: 0x00000400, ABSOLUTE)

    Exec Addr    Load Addr    Size         Type   Attr      Idx    E Section Name        Object

    0x200094c0        -       0x00000400   Zero   RW            5    ARM_LIB_HEAP_ONE.bss  anon$$obj.o


    Execution Region ER_MUTEX_ARRAY (Exec base: 0x200098c0, Load base: 0x1001b640, Size: 0x00000008, Max: 0xffffffff, ABSOLUTE)

    Exec Addr    Load Addr    Size         Type   Attr      Idx    E Section Name        Object

    0x200098c0   0x1001b640   0x00000008   Data   RW          850    .mutex_array        stdio.o


    Execution Region RW_IRAM (Exec base: 0x20009900, Load base: 0x1001b680, Size: 0x0000b46c, Max: 0x00034700, ABSOLUTE)

    Exec Addr    Load Addr    Size         Type   Attr      Idx    E Section Name        Object

    0x20009900   0x1001b680   0x00000048   Code   RW          170    .data               irq_handler_chain.o
    0x20009948   0x1001b6c8   0x00000004   Data   RW         1350    .data               mc_p.l(stdout.o)
    0x2000994c   0x1001b6cc   0x00000004   Data   RW         1351    .data               mc_p.l(stderr.o)
    0x20009950   0x1001b6d0   0x00000004   Data   RW         1739    .data               mc_p.l(mvars.o)
    0x20009954   0x1001b6d4   0x00000004   Data   RW         1740    .data               mc_p.l(mvars.o)
    0x20009958   0x1001b6d8   0x00000004   Data   RW         1744    .data               mc_p.l(errno.o)
    0x2000995c   0x1001b6dc   0x00000004   Data   RW         1778    .data               mc_p.l(cpp_dtor.o)
    0x20009960   0x1001b6e0   0x00000004   Data   RW         1104    .data._ZZ9app_entryE3s_t  app_3.o
    0x20009964   0x1001b6e4   0x00000018   Data   RW          438    .data.default_alarm_pool  time.o
    0x2000997c   0x1001b6fc   0x00000010   Data   RW          442    .data.default_alarm_pool_heap  time.o
    0x2000998c   0x1001b70c   0x00000004   Data   RW         1291    .data.s_nMSUnit     perf_counter.lib(perf_counter_1.o)
    0x20009990   0x1001b710   0x00000004   Data   RW         1294    .data.s_nUSUnit     perf_counter.lib(perf_counter_1.o)
    0x20009994   0x1001b714   0x00000001   Data   RW          296    .data.striped_spin_lock_num  sync.o
    0x20009995   0x1001b715   0x0000002b   PAD
    0x200099c0        -       0x00000006   Zero   RW          916    .bss.LCD_0IN96      lcd.o
    0x200099c6   0x1001b715   0x00000002   PAD
    0x200099c8        -       0x00000004   Zero   RW           29    .bss.SystemCoreClock  system_rp2040.o
    0x200099cc        -       0x00000004   Zero   RW         1181    .bss._ZGVZN3egl15graphics_deviceINS_22graphics_device_st7735EE24init_default_tile_shaderILNS_14e_pixel_formatE3EEEvvE7wrapper  app_3.o
    0x200099d0        -       0x00000004   Zero   RW         1107    .bss._ZL11s_light_dir.0  app_3.o
    0x200099d4        -       0x00000004   Zero   RW         1108    .bss._ZL11s_light_dir.1  app_3.o
    0x200099d8        -       0x00000004   Zero   RW         1109    .bss._ZL11s_light_dir.2  app_3.o
    0x200099dc        -       0x0000000c   Zero   RW         1099    .bss._ZL11s_p3g_torus  app_3.o
    0x200099e8        -       0x000000d4   Zero   RW         1097    .bss._ZL12s_gfx_device  app_3.o
    0x20009abc        -       0x0000aa98   Zero   RW         1100    .bss._ZL16s_gfx_device_mem  app_3.o
    0x20014554        -       0x0000000c   Zero   RW         1098    .bss._ZL17s_p3g_monkey_2mat  app_3.o
    0x20014560        -       0x00000168   Zero   RW         1101    .bss._ZL8s_camera   app_3.o
    0x200146c8        -       0x00000004   Zero   RW         1082    .bss._ZN3egl22graphics_device_st773512s_active_devE  egl_device_st7735.o
    0x200146cc        -       0x00000001   Zero   RW         1179    .bss._ZZN3egl15graphics_deviceINS_22graphics_device_st7735EE24init_default_tile_shaderILNS_14e_pixel_formatE3EEEvvE7tshader  app_3.o
    0x200146cd   0x1001b715   0x00000003   PAD
    0x200146d0        -       0x0000000c   Zero   RW         1180    .bss._ZZN3egl15graphics_deviceINS_22graphics_device_st7735EE24init_default_tile_shaderILNS_14e_pixel_formatE3EEEvvE7wrapper  app_3.o
    0x200146dc        -       0x00000010   Zero   RW          496    .bss.alarm_callbacks  timer.o
    0x200146ec        -       0x00000001   Zero   RW          495    .bss.claimed        timer.o
    0x200146ed   0x1001b715   0x00000003   PAD
    0x200146f0        -       0x00000028   Zero   RW           58    .bss.configured_freq  clocks.o
    0x20014718        -       0x00000100   Zero   RW          443    .bss.default_alarm_pool_entries  time.o
    0x20014818        -       0x00000010   Zero   RW          444    .bss.default_alarm_pool_entry_ids_high  time.o
    0x20014828        -       0x00000030   Zero   RW          445    .bss.default_alarm_pool_heap_nodes  time.o
    0x20014858        -       0x00000004   Zero   RW          851    .bss.drivers        stdio.o
    0x2001485c        -       0x00000004   Zero   RW          853    .bss.filter         stdio.o
    0x20014860        -       0x00000008   Zero   RW         1287    .bss.g_lLastTimeStamp  perf_counter.lib(perf_counter_1.o)
    0x20014868        -       0x00000004   Zero   RW         1288    .bss.g_nOffset      perf_counter.lib(perf_counter_1.o)
    0x2001486c        -       0x00000001   Zero   RW          161    .bss.irq_hander_chain_free_slot_head  irq.o
    0x2001486d   0x1001b715   0x00000013   PAD
    0x20014880        -       0x000004a4   Zero   RW         1209    .bss.noinit         eventrecorder.o
    0x20014d24        -       0x00000010   Zero   RW          441    .bss.pools          time.o
    0x20014d34   0x1001b715   0x00000004   PAD
    0x20014d38        -       0x00000008   Zero   RW         1289    .bss.s_lSystemClockCounts  perf_counter.lib(perf_counter_1.o)
    0x20014d40        -       0x00000004   Zero   RW         1290    .bss.s_nMSResidule  perf_counter.lib(perf_counter_1.o)
    0x20014d44        -       0x00000004   Zero   RW         1292    .bss.s_nSystemMS    perf_counter.lib(perf_counter_1.o)
    0x20014d48        -       0x00000004   Zero   RW         1295    .bss.s_nSystemUS    perf_counter.lib(perf_counter_1.o)
    0x20014d4c        -       0x00000004   Zero   RW         1293    .bss.s_nUSResidule  perf_counter.lib(perf_counter_1.o)
    0x20014d50        -       0x00000004   Zero   RW          439    .bss.sleep_notifier  time.o
    0x20014d54        -       0x00000004   Zero   RW          915    .bss.slice_num      lcd.o
    0x20014d58        -       0x00000010   Zero   RW          498    .bss.target_hi      timer.o
    0x20014d68        -       0x00000001   Zero   RW          497    .bss.timer_callbacks_pending  timer.o


==============================================================================

Image component sizes


      Code (inc. data)   RO Data    RW Data    ZI Data      Debug   Object Name

     25218        708      55481          4      44297     171318   app_3.o
        68          4          0          0          0       5125   claim.o
       524         76         55          0         40       7315   clocks.o
       240         36          0          0          0        920   compile_time_choice.o
        60          8          0          0          0      13124   egl_core.o
       508        104         32          0          4      46104   egl_device_st7735.o
       354        160        274          0          0      26883   egl_mesh.o
      5494        468        416          0          0      67410   egl_rasterizer.o
       694        300        181          0          0      24921   egl_rasterizer_cache.o
      2646        536        512          0          0      39461   egl_rasterizer_tiling.o
        28          0          0          0          0       2112   env_wrapper.o
         0          0         24          0       1188      10488   eventrecorder.o
        92         12          0          0          0      13059   gpio.o
      1008        280         86          0          1      14230   irq.o
        72         52          0          0          0          0   irq_handler_chain.o
      2340         64          0          0         10      47104   lcd.o
        16          4          0          0          0       1115   lock_core.o
        82         28          0          0          0       2765   main.o
       254          8         79          0          0      11441   mutex.o
       892        180         44          0          0       7746   pheap.o
        16          4          0          0          0       1271   platform.o
       316        112        122          0          0       2699   pll.o
       154         44          0          0          0       2341   retarget_io.o
       300        116          0        192          0       4592   runtime.o
       290         16          0          0          0       8644   spi.o
        40         12        196          0          0       1589   startup_rp2040.o
       406         28          2          8          8      10099   stdio.o
        48          8          0          1          0       2870   sync.o
        36          4          4          0          4       1205   system_rp2040.o
      2024        252        421         40        340      23171   time.o
       704        176          0          0         34       8764   timer.o
        16          4          0          0          0       3758   watchdog.o
        40         12          0          0          0       1504   xosc.o

    ----------------------------------------------------------------------
     45008       3816      57996        248      84928     585148   Object Totals
         0          0         64          0      38928          0   (incl. Generated)
        28          0          3          3         74          0   (incl. Padding)

    ----------------------------------------------------------------------

      Code (inc. data)   RO Data    RW Data    ZI Data      Debug   Library Member Name

         4          0          0          0          0         36   abort_message.cpp.o
       100         56          0          0          0         76   cxa_guard.cpp.o
        40         32          0          0          0         52   cxa_virtual.cpp.o
       376         58          0          0          0        104   cosf.o
        38          0          0          0          0         72   fmaxf.o
        38          0          0          0          0         72   fminf.o
        34          0          0          0          0         60   fpclassifyf.o
        36          0          0          0          0        204   funder.o
       434         18         32          0          0        168   rredf.o
       388         58          0          0          0        104   sinf.o
        44          0          0          0          0         72   sqrtf.o
       368         56          0          0          0        100   tanf.o
        58          0          0          0          0          0   __dczerorl.o
        42          0          0          0          0         76   aeabi_atexit.o
         8          4          0          4          0         60   cpp_dtor.o
         2          0          0          0          0         60   cpp_final.o
        32          8          0          0          0         72   cpp_init.o
        14          0          0          0          0         68   cxa_atexit.o
        66          0          0          0          0         76   cxa_finalize.o
         0          0          0          0          0          0   entry.o
         0          0          0          0          0          0   entry10a.o
         4          0          0          0          0          0   entry10b.o
         0          0          0          0          0          0   entry11a.o
         8          4          0          0          0          0   entry4.o
         4          0          0          0          0          0   entry5.o
         0          0          0          0          0          0   entry7b.o
         4          0          0          0          0          0   entry8a.o
         0          0          0          0          0          0   entry8b.o
         8          4          0          0          0          0   entry9a.o
        12          6          0          4          0         60   errno.o
        24          0          0          0          0         72   fputs.o
        30          0          0          0          0          0   handlers.o
        80          6          0          0          0         72   idiv_div0.o
        36          8          0          0          0         68   init.o
         0          0          0          0          0          0   iusefp.o
        48          0          0          0          0         72   llmul.o
        32          0          0          0          0         68   llshl.o
        38          0          0          0          0         68   llsshr.o
        34          0          0          0          0         68   llushr.o
       192         20          0          0          0        144   malloc2.o
        36          0          0          0          0         60   memcpya.o
        36          0          0          0          0        100   memseta.o
         0          0          0          8          0          0   mvars.o
      1222         56          0          0          0        468   printf8.o
      2240         98          0          0          0        396   printfa.o
        32          4          0          0          0         68   puts.o
         0          0          0          4          0          0   stderr.o
         0          0          0          4          0          0   stdout.o
        14          0          0          0          0         60   strlen.o
        62          0          0          0          0         72   uidiv_div0.o
        96          0          0          0          0         84   uldiv.o
        40          2          0          0          0         68   cdrcmple.o
       356          4          0          0          0        140   dadd.o
       240          6          0          0          0         84   ddiv.o
       236          0          0          0          0        216   depilogue.o
        64         10          0          0          0         68   dfixul.o
       208          6          0          0          0         88   dmul.o
       178          0          0          0          0        108   fadd.o
        52          8          0          0          0         60   fcmp4.o
        28          0          0          0          0         60   fcmpeq.o
        28          0          0          0          0         60   fcmpge.o
        28          0          0          0          0         60   fcmpgt.o
        28          0          0          0          0         60   fcmplt.o
       124          0          0          0          0         72   fdiv.o
       130          0          0          0          0        144   fepilogue.o
        50          0          0          0          0         60   ffixi.o
        22          0          0          0          0         68   fflti.o
        14          0          0          0          0         68   ffltui.o
       122          0          0          0          0         72   fmul.o
        62          0          0          0          0         68   frnd.o
        24          0          0          0          0         60   fscalb.o
        88          0          0          0          0         72   fsqrt.o
       434         92          4          8         36        568   perf_counter_1.o
        32         10          0          0          0         84   systick_wrapper_ual.o

    ----------------------------------------------------------------------
      9016        634         36         32         36       5940   Library Totals
        14          0          0          0          0          0   (incl. Padding)

    ----------------------------------------------------------------------

      Code (inc. data)   RO Data    RW Data    ZI Data      Debug   Library Name

       144         88          0          0          0        164   libcppabi_p.l
      1756        190         32          0          0        956   m_ps.l
      4514        218          0         24          0       2412   mc_p.l
      2122         36          0          0          0       1756   mf_p.l
       466        102          4          8         36        652   perf_counter.lib

    ----------------------------------------------------------------------
      9016        634         36         32         36       5940   Library Totals

    ----------------------------------------------------------------------

==============================================================================


      Code (inc. data)   RO Data    RW Data    ZI Data      Debug   

     54024       4450      58032        280      84964     587916   Grand Totals
     54024       4450      58032        280      84964     587916   ELF Image Totals
     54024       4450      58032        280          0          0   ROM Totals

==============================================================================

    Total RO  Size (Code + RO Data)               112056 ( 109.43kB)
    Total RW  Size (RW Data + ZI Data)             85244 (  83.25kB)
    Total ROM Size (Code + RO Data + RW Data)     112336 ( 109.70kB)

==============================================================================

